2026-06-24 00:00:44,861 [daily_score] SOL_SWAP 日亏$25.9（预算60）但全局PnL=+147.42为正，放宽限制
2026-06-24 00:00:55,396 [daily_score] ETH 日亏$28.6（预算50）但全局PnL=+147.42为正，放宽限制
2026-06-24 00:01:24,534 [daily_score] 宏观分析: 风险=70% 仓位倍率=60% | 市场偏弱，关注60k支撑和ETF流向，仓位控制。 | 信号: ['fail', 'watch', 'watch', 'watch']
2026-06-24 00:01:45,185 [daily_score] SOL_SWAP 日亏$25.9（预算60）但全局PnL=+147.42为正，放宽限制
2026-06-24 00:01:56,660 [daily_score] ETH 日亏$28.6（预算50）但全局PnL=+147.42为正，放宽限制
2026-06-24 00:02:45,578 [daily_score] SOL_SWAP 日亏$25.9（预算60）但全局PnL=+147.42为正，放宽限制
2026-06-24 00:02:57,755 [daily_score] ETH 日亏$28.6（预算50）但全局PnL=+147.42为正，放宽限制
2026-06-24 00:02:59,608 [daily_score] AI 建议: ranging (置信度=75%) | 价格在EMA20与EMA60之间，布林带窄，RSI中性
2026-06-24 00:03:04,326 [daily_score] AI 建议: ranging (置信度=70%) | 价格在EMA20附近，RSI中性，布林带窄，ATR低，无明显趋势。
2026-06-24 00:03:45,925 [daily_score] SOL_SWAP 日亏$25.9（预算60）但全局PnL=+147.42为正，放宽限制
2026-06-24 00:04:00,606 [daily_score] ETH 日亏$28.6（预算50）但全局PnL=+147.42为正，放宽限制
2026-06-24 00:04:46,244 [daily_score] SOL_SWAP 日亏$25.9（预算60）但全局PnL=+147.42为正，放宽限制
2026-06-24 00:05:01,891 [daily_score] ETH 日亏$28.6（预算50）但全局PnL=+147.42为正，放宽限制
2026-06-24 00:05:36,879 [daily_score] AI 建议: ranging (置信度=70%) | 价格在EMA20附近，布林带窄，RSI中性
2026-06-24 00:05:46,579 [daily_score] SOL_SWAP 日亏$25.9（预算60）但全局PnL=+147.42为正，放宽限制
2026-06-24 00:06:03,087 [daily_score] ETH 日亏$28.6（预算50）但全局PnL=+147.42为正，放宽限制
2026-06-24 00:06:26,197 [daily_score] 宏观分析: 风险=70% 仓位倍率=60% | 市场偏弱，杠杆健康但多头压力大，关注60k支撑和ETF数据。 | 信号: ['fail', 'watch', 'watch', 'watch']
2026-06-24 00:06:46,907 [daily_score] SOL_SWAP 日亏$25.9（预算60）但全局PnL=+147.42为正，放宽限制
2026-06-24 00:07:04,212 [daily_score] ETH 日亏$28.6（预算50）但全局PnL=+147.42为正，放宽限制
2026-06-24 00:07:47,229 [daily_score] SOL_SWAP 日亏$25.9（预算60）但全局PnL=+147.42为正，放宽限制
2026-06-24 00:08:05,450 [daily_score] ETH 日亏$28.6（预算50）但全局PnL=+147.42为正，放宽限制
2026-06-24 00:08:44,046 [daily_score] AI 建议: ranging (置信度=75%) | 价格在EMA20与EMA60之间，布林带窄，RSI中性
2026-06-24 00:08:47,558 [daily_score] SOL_SWAP 日亏$25.9（预算60）但全局PnL=+147.42为正，放宽限制
2026-06-24 00:09:06,448 [daily_score] ETH 日亏$28.6（预算50）但全局PnL=+147.42为正，放宽限制
2026-06-24 00:09:47,869 [daily_score] SOL_SWAP 日亏$25.9（预算60）但全局PnL=+147.42为正，放宽限制
2026-06-24 00:10:07,604 [daily_score] ETH 日亏$28.6（预算50）但全局PnL=+147.42为正，放宽限制
2026-06-24 00:10:48,177 [daily_score] SOL_SWAP 日亏$25.9（预算60）但全局PnL=+147.42为正，放宽限制
2026-06-24 00:10:50,210 [daily_score] AI 建议: ranging (置信度=70%) | 价格在EMA20与EMA60之间，布林带窄，RSI中性
2026-06-24 00:10:53,098 [daily_score] AI 建议: ranging (置信度=70%) | 价格在EMA20和EMA60之间，RSI中性，布林带窄，ATR低
2026-06-24 00:11:08,725 [daily_score] ETH 日亏$28.6（预算50）但全局PnL=+147.42为正，放宽限制
2026-06-24 00:11:26,778 [daily_score] 宏观分析: 风险=70% 仓位倍率=40% | 市场偏空，杠杆健康但多头承压，等待关键位确认。 | 信号: ['fail', 'watch', 'watch', 'watch']
2026-06-24 00:11:50,364 [daily_score] SOL_SWAP 日亏$25.9（预算60）但全局PnL=+147.42为正，放宽限制
2026-06-24 00:12:09,812 [daily_score] ETH 日亏$28.6（预算50）但全局PnL=+147.42为正，放宽限制
2026-06-24 00:12:50,666 [daily_score] SOL_SWAP 日亏$25.9（预算60）但全局PnL=+147.42为正，放宽限制
2026-06-24 00:13:10,928 [daily_score] ETH 日亏$28.6（预算50）但全局PnL=+147.42为正，放宽限制
2026-06-24 00:13:51,091 [daily_score] SOL_SWAP 日亏$25.9（预算60）但全局PnL=+147.42为正，放宽限制
2026-06-24 00:14:12,043 [daily_score] ETH 日亏$28.6（预算50）但全局PnL=+147.42为正，放宽限制
2026-06-24 00:14:51,428 [daily_score] SOL_SWAP 日亏$25.9（预算60）但全局PnL=+147.42为正，放宽限制
2026-06-24 00:15:13,056 [daily_score] ETH 日亏$28.6（预算50）但全局PnL=+147.42为正，放宽限制
2026-06-24 00:15:51,764 [daily_score] SOL_SWAP 日亏$25.9（预算60）但全局PnL=+147.42为正，放宽限制
2026-06-24 00:16:14,136 [daily_score] ETH 日亏$28.6（预算50）但全局PnL=+147.42为正，放宽限制
2026-06-24 00:16:26,396 [daily_score] 宏观分析: 风险=65% 仓位倍率=50% | 市场偏弱，杠杆健康但情绪恐慌，等待关键位确认。 | 信号: ['fail', 'watch', 'watch', 'watch']
2026-06-24 00:16:52,083 [daily_score] SOL_SWAP 日亏$25.9（预算60）但全局PnL=+147.42为正，放宽限制
2026-06-24 00:17:15,128 [daily_score] ETH 日亏$28.6（预算50）但全局PnL=+147.42为正，放宽限制
2026-06-24 00:17:52,397 [daily_score] SOL_SWAP 日亏$25.9（预算60）但全局PnL=+147.42为正，放宽限制
2026-06-24 00:18:16,456 [daily_score] ETH 日亏$28.6（预算50）但全局PnL=+147.42为正，放宽限制
2026-06-24 00:18:17,047 [daily_score] AI 建议: ranging (置信度=75%) | 价格贴近EMA20，布林带窄，RSI中性，无明显趋势。
2026-06-24 00:18:18,469 [daily_score] AI 建议: ranging (置信度=80%) | 价格在EMA附近，布林带窄，RSI超买但规则引擎判定震荡
2026-06-24 00:18:52,713 [daily_score] SOL_SWAP 日亏$25.9（预算60）但全局PnL=+147.42为正，放宽限制
2026-06-24 00:19:19,224 [daily_score] ETH 日亏$28.6（预算50）但全局PnL=+147.42为正，放宽限制
2026-06-24 00:19:53,025 [daily_score] SOL_SWAP 日亏$25.9（预算60）但全局PnL=+147.42为正，放宽限制
2026-06-24 00:20:20,522 [daily_score] ETH 日亏$28.6（预算50）但全局PnL=+147.42为正，放宽限制
2026-06-24 00:20:45,900 [daily_score] AI 建议: ranging (置信度=80%) | 价格在EMA20附近，RSI中性，布林带窄，ATR低
2026-06-24 00:20:53,391 [daily_score] SOL_SWAP 日亏$25.9（预算60）但全局PnL=+147.42为正，放宽限制
2026-06-24 00:21:21,549 [daily_score] ETH 日亏$28.6（预算50）但全局PnL=+147.42为正，放宽限制
2026-06-24 00:21:27,305 [daily_score] 宏观分析: 风险=70% 仓位倍率=40% | 市场偏空，山寨恐慌，BTC关键位未收复，建议轻仓观望。 | 信号: ['fail', 'watch', 'watch', 'watch']
2026-06-24 00:21:53,805 [daily_score] SOL_SWAP 日亏$25.9（预算60）但全局PnL=+147.42为正，放宽限制
2026-06-24 00:22:22,875 [daily_score] ETH 日亏$28.6（预算50）但全局PnL=+147.42为正，放宽限制
2026-06-24 00:22:54,134 [daily_score] SOL_SWAP 日亏$25.9（预算60）但全局PnL=+147.42为正，放宽限制
2026-06-24 00:23:23,961 [daily_score] ETH 日亏$28.6（预算50）但全局PnL=+147.42为正，放宽限制
2026-06-24 00:23:54,447 [daily_score] SOL_SWAP 日亏$25.9（预算60）但全局PnL=+147.42为正，放宽限制
2026-06-24 00:24:01,970 [daily_score] AI 建议: ranging (置信度=80%) | RSI超买但布林带窄，价格在均线附近震荡
2026-06-24 00:24:25,118 [daily_score] ETH 日亏$28.6（预算50）但全局PnL=+147.42为正，放宽限制
2026-06-24 00:24:54,859 [daily_score] SOL_SWAP 日亏$25.9（预算60）但全局PnL=+147.42为正，放宽限制
2026-06-24 00:25:26,401 [daily_score] ETH 日亏$28.6（预算50）但全局PnL=+147.42为正，放宽限制
2026-06-24 00:25:55,179 [daily_score] SOL_SWAP 日亏$25.9（预算60）但全局PnL=+147.42为正，放宽限制
2026-06-24 00:25:56,846 [daily_score] AI 建议: ranging (置信度=80%) | RSI超买但价格在EMA附近，布林带窄，ATR低，震荡为主。
2026-06-24 00:26:00,098 [daily_score] AI 建议: ranging (置信度=80%) | RSI超买但价格在EMA附近，布林带窄，ATR低，震荡格局
2026-06-24 00:26:27,626 [daily_score] ETH 日亏$28.6（预算50）但全局PnL=+147.42为正，放宽限制
2026-06-24 00:26:28,626 [daily_score] 宏观分析: 风险=70% 仓位倍率=60% | 市场偏弱，山寨恐慌，等待关键位确认。 | 信号: ['fail', 'watch', 'watch', 'watch']
2026-06-24 00:26:57,053 [daily_score] SOL_SWAP 日亏$25.9（预算60）但全局PnL=+147.42为正，放宽限制
2026-06-24 00:27:28,680 [daily_score] ETH 日亏$28.6（预算50）但全局PnL=+147.42为正，放宽限制
2026-06-24 00:27:57,422 [daily_score] SOL_SWAP 日亏$25.9（预算60）但全局PnL=+147.42为正，放宽限制
2026-06-24 00:28:29,806 [daily_score] ETH 日亏$28.6（预算50）但全局PnL=+147.42为正，放宽限制
2026-06-24 00:28:57,767 [daily_score] SOL_SWAP 日亏$25.9（预算60）但全局PnL=+147.42为正，放宽限制
2026-06-24 00:29:30,891 [daily_score] ETH 日亏$28.6（预算50）但全局PnL=+147.42为正，放宽限制
2026-06-24 00:29:58,123 [daily_score] SOL_SWAP 日亏$25.9（预算60）但全局PnL=+147.42为正，放宽限制
2026-06-24 00:30:31,978 [daily_score] ETH 日亏$28.6（预算50）但全局PnL=+147.42为正，放宽限制
2026-06-24 00:30:58,428 [daily_score] SOL_SWAP 日亏$25.9（预算60）但全局PnL=+147.42为正，放宽限制
2026-06-24 00:31:28,722 [daily_score] 宏观分析: 风险=70% 仓位倍率=60% | 市场偏空，山寨恐慌，关注60k支撑和ETF流向。 | 信号: ['fail', 'watch', 'watch', 'watch']
2026-06-24 00:31:33,030 [daily_score] ETH 日亏$28.6（预算50）但全局PnL=+147.42为正，放宽限制
2026-06-24 00:31:58,778 [daily_score] SOL_SWAP 日亏$25.9（预算60）但全局PnL=+147.42为正，放宽限制
2026-06-24 00:32:34,113 [daily_score] ETH 日亏$28.6（预算50）但全局PnL=+147.42为正，放宽限制
2026-06-24 00:32:59,087 [daily_score] SOL_SWAP 日亏$25.9（预算60）但全局PnL=+147.42为正，放宽限制
2026-06-24 00:33:29,778 [daily_score] AI 建议: ranging (置信度=80%) | 价格在EMA20和EMA60之间，RSI中性，布林带窄
2026-06-24 00:33:35,149 [daily_score] ETH 日亏$28.6（预算50）但全局PnL=+147.42为正，放宽限制
2026-06-24 00:33:37,120 [daily_score] AI 建议: ranging (置信度=80%) | 价格在EMA20附近，布林带窄，RSI中性，无明确趋势。
2026-06-24 00:33:59,396 [daily_score] SOL_SWAP 日亏$25.9（预算60）但全局PnL=+147.42为正，放宽限制
2026-06-24 00:34:37,875 [daily_score] ETH 日亏$28.6（预算50）但全局PnL=+147.42为正，放宽限制
2026-06-24 00:34:59,721 [daily_score] SOL_SWAP 日亏$25.9（预算60）但全局PnL=+147.42为正，放宽限制
2026-06-24 00:35:38,889 [daily_score] ETH 日亏$28.6（预算50）但全局PnL=+147.42为正，放宽限制
2026-06-24 00:35:55,183 [daily_score] AI 建议: ranging (置信度=70%) | 价格在EMA20下方，RSI中性，布林带窄，ATR低，无明显趋势。
2026-06-24 00:36:00,050 [daily_score] SOL_SWAP 日亏$25.9（预算60）但全局PnL=+147.42为正，放宽限制
2026-06-24 00:36:29,165 [daily_score] 宏观分析: 风险=70% 仓位倍率=40% | 市场偏空，风险中等，建议减仓观望，等待信号确认。 | 信号: ['fail', 'watch', 'watch', 'watch']
2026-06-24 00:36:39,949 [daily_score] ETH 日亏$28.6（预算50）但全局PnL=+147.42为正，放宽限制
2026-06-24 00:37:00,381 [daily_score] SOL_SWAP 日亏$25.9（预算60）但全局PnL=+147.42为正，放宽限制
2026-06-24 00:37:41,041 [daily_score] ETH 日亏$28.6（预算50）但全局PnL=+147.42为正，放宽限制
2026-06-24 00:38:00,708 [daily_score] SOL_SWAP 日亏$25.9（预算60）但全局PnL=+147.42为正，放宽限制
2026-06-24 00:38:42,185 [daily_score] ETH 日亏$28.6（预算50）但全局PnL=+147.42为正，放宽限制
2026-06-24 00:39:01,076 [daily_score] SOL_SWAP 日亏$25.9（预算60）但全局PnL=+147.42为正，放宽限制
2026-06-24 00:39:19,983 [daily_score] AI 建议: ranging (置信度=70%) | 价格在EMA20与EMA60间，布林带窄，RSI中性，无明显趋势。
2026-06-24 00:39:43,252 [daily_score] ETH 日亏$28.6（预算50）但全局PnL=+147.42为正，放宽限制
2026-06-24 00:40:01,406 [daily_score] SOL_SWAP 日亏$25.9（预算60）但全局PnL=+147.42为正，放宽限制
2026-06-24 00:40:44,430 [daily_score] ETH 日亏$28.6（预算50）但全局PnL=+147.42为正，放宽限制
2026-06-24 00:41:02,058 [daily_score] SOL_SWAP 日亏$25.9（预算60）但全局PnL=+147.42为正，放宽限制
2026-06-24 00:41:03,504 [daily_score] AI 建议: ranging (置信度=75%) | 价格在EMA20与EMA60之间，布林带窄，RSI中性
2026-06-24 00:41:07,653 [daily_score] AI 建议: ranging (置信度=70%) | 价格在EMA20附近，RSI中性，布林带窄，ATR低，震荡格局。
2026-06-24 00:41:29,685 [daily_score] 宏观分析: 风险=70% 仓位倍率=60% | 市场偏弱，关键位未收复，等待信号确认。 | 信号: ['fail', 'watch', 'watch', 'watch']
2026-06-24 00:41:45,468 [daily_score] ETH 日亏$28.6（预算50）但全局PnL=+147.42为正，放宽限制
2026-06-24 00:42:03,695 [daily_score] SOL_SWAP 日亏$25.9（预算60）但全局PnL=+147.42为正，放宽限制
2026-06-24 00:42:46,671 [daily_score] ETH 日亏$28.6（预算50）但全局PnL=+147.42为正，放宽限制
2026-06-24 00:43:04,019 [daily_score] SOL_SWAP 日亏$25.9（预算60）但全局PnL=+147.42为正，放宽限制
2026-06-24 00:43:47,662 [daily_score] ETH 日亏$28.6（预算50）但全局PnL=+147.42为正，放宽限制
2026-06-24 00:44:04,491 [daily_score] SOL_SWAP 日亏$25.9（预算60）但全局PnL=+147.42为正，放宽限制
2026-06-24 00:44:48,669 [daily_score] ETH 日亏$28.6（预算50）但全局PnL=+147.42为正，放宽限制
2026-06-24 00:45:05,005 [daily_score] SOL_SWAP 日亏$25.9（预算60）但全局PnL=+147.42为正，放宽限制
2026-06-24 00:45:49,731 [daily_score] ETH 日亏$28.6（预算50）但全局PnL=+147.42为正，放宽限制
2026-06-24 00:46:05,320 [daily_score] SOL_SWAP 日亏$25.9（预算60）但全局PnL=+147.42为正，放宽限制
2026-06-24 00:46:30,183 [daily_score] 宏观分析: 风险=70% 仓位倍率=60% | 市场偏弱，杠杆去化中，等待关键位确认，建议减仓观望。 | 信号: ['fail', 'watch', 'watch', 'watch']
2026-06-24 00:46:50,788 [daily_score] ETH 日亏$28.6（预算50）但全局PnL=+147.42为正，放宽限制
2026-06-24 00:47:05,658 [daily_score] SOL_SWAP 日亏$25.9（预算60）但全局PnL=+147.42为正，放宽限制
2026-06-24 00:47:52,143 [daily_score] ETH 日亏$28.6（预算50）但全局PnL=+147.42为正，放宽限制
2026-06-24 00:48:06,016 [daily_score] SOL_SWAP 日亏$25.9（预算60）但全局PnL=+147.42为正，放宽限制
2026-06-24 00:48:42,562 [daily_score] AI 建议: ranging (置信度=70%) | 价格贴近EMA20，RSI中性，布林带窄，ATR低
2026-06-24 00:48:53,258 [daily_score] ETH 日亏$28.6（预算50）但全局PnL=+147.42为正，放宽限制
2026-06-24 00:48:55,014 [daily_score] AI 建议: ranging (置信度=80%) | 价格贴近EMA20，布林带窄，RSI中性，ATR低
2026-06-24 00:49:06,498 [daily_score] SOL_SWAP 日亏$25.9（预算60）但全局PnL=+147.42为正，放宽限制
2026-06-24 00:49:55,838 [daily_score] ETH 日亏$28.6（预算50）但全局PnL=+147.42为正，放宽限制
2026-06-24 00:50:06,960 [daily_score] SOL_SWAP 日亏$25.9（预算60）但全局PnL=+147.42为正，放宽限制
2026-06-24 00:50:56,856 [daily_score] ETH 日亏$28.6（预算50）但全局PnL=+147.42为正，放宽限制
2026-06-24 00:51:03,238 [daily_score] AI 建议: ranging (置信度=80%) | 价格在EMA20附近，RSI中性，布林带窄，无趋势信号。
2026-06-24 00:51:07,273 [daily_score] SOL_SWAP 日亏$25.9（预算60）但全局PnL=+147.42为正，放宽限制
2026-06-24 00:51:31,015 [daily_score] 宏观分析: 风险=65% 仓位倍率=50% | 市场偏弱，观望为主，等待关键位确认。 | 信号: ['fail', 'watch', 'watch', 'watch']
2026-06-24 00:51:57,909 [daily_score] ETH 日亏$28.6（预算50）但全局PnL=+147.42为正，放宽限制
2026-06-24 00:52:07,601 [daily_score] SOL_SWAP 日亏$25.9（预算60）但全局PnL=+147.42为正，放宽限制
2026-06-24 00:52:58,932 [daily_score] ETH 日亏$28.6（预算50）但全局PnL=+147.42为正，放宽限制
2026-06-24 00:53:07,942 [daily_score] SOL_SWAP 日亏$25.9（预算60）但全局PnL=+147.42为正，放宽限制
2026-06-24 00:53:59,968 [daily_score] ETH 日亏$28.6（预算50）但全局PnL=+147.42为正，放宽限制
2026-06-24 00:54:08,271 [daily_score] SOL_SWAP 日亏$25.9（预算60）但全局PnL=+147.42为正，放宽限制
2026-06-24 00:54:37,756 [daily_score] AI 建议: ranging (置信度=80%) | 价格在EMA20与EMA60之间，布林带窄，RSI中性
2026-06-24 00:55:01,228 [daily_score] ETH 日亏$28.6（预算50）但全局PnL=+147.42为正，放宽限制
2026-06-24 00:55:08,682 [daily_score] SOL_SWAP 日亏$25.9（预算60）但全局PnL=+147.42为正，放宽限制
2026-06-24 00:56:02,626 [daily_score] ETH 日亏$28.6（预算50）但全局PnL=+147.42为正，放宽限制
2026-06-24 00:56:08,994 [daily_score] SOL_SWAP 日亏$25.9（预算60）但全局PnL=+147.42为正，放宽限制
2026-06-24 00:56:10,795 [daily_score] AI 建议: ranging (置信度=75%) | 价格在EMA60附近，布林带窄，RSI中性
2026-06-24 00:56:14,321 [daily_score] AI 建议: ranging (置信度=70%) | 价格贴近EMA20，RSI中性，布林带窄，ATR低，无明显趋势。
2026-06-24 00:56:32,208 [daily_score] 宏观分析: 风险=70% 仓位倍率=60% | 市场偏弱，杠杆健康但情绪恐慌，等待关键位确认。 | 信号: ['fail', 'watch', 'watch', 'watch']
2026-06-24 00:57:03,902 [daily_score] ETH 日亏$28.6（预算50）但全局PnL=+147.42为正，放宽限制
2026-06-24 00:57:10,974 [daily_score] SOL_SWAP 日亏$25.9（预算60）但全局PnL=+147.42为正，放宽限制
2026-06-24 00:58:05,002 [daily_score] ETH 日亏$28.6（预算50）但全局PnL=+147.42为正，放宽限制
2026-06-24 00:58:11,289 [daily_score] SOL_SWAP 日亏$25.9（预算60）但全局PnL=+147.42为正，放宽限制
2026-06-24 00:59:06,188 [daily_score] ETH 日亏$28.6（预算50）但全局PnL=+147.42为正，放宽限制
2026-06-24 00:59:11,638 [daily_score] SOL_SWAP 日亏$25.9（预算60）但全局PnL=+147.42为正，放宽限制
2026-06-24 01:00:07,219 [daily_score] ETH 日亏$28.6（预算50）但全局PnL=+147.42为正，放宽限制
2026-06-24 01:00:11,974 [daily_score] SOL_SWAP 日亏$25.9（预算60）但全局PnL=+147.42为正，放宽限制
2026-06-24 01:01:08,494 [daily_score] ETH 日亏$28.6（预算50）但全局PnL=+147.42为正，放宽限制
2026-06-24 01:01:12,302 [daily_score] SOL_SWAP 日亏$25.9（预算60）但全局PnL=+147.42为正，放宽限制
2026-06-24 01:01:32,031 [daily_score] 宏观分析: 风险=70% 仓位倍率=60% | 市场偏弱，BTC关键位未收复，60k为关键支撑，建议减仓观望。 | 信号: ['fail', 'watch', 'watch', 'watch']
2026-06-24 01:02:09,582 [daily_score] ETH 日亏$28.6（预算50）但全局PnL=+147.42为正，放宽限制
2026-06-24 01:02:12,639 [daily_score] SOL_SWAP 日亏$25.9（预算60）但全局PnL=+147.42为正，放宽限制
2026-06-24 01:03:10,702 [daily_score] ETH 日亏$28.6（预算50）但全局PnL=+147.42为正，放宽限制
2026-06-24 01:03:13,045 [daily_score] SOL_SWAP 日亏$25.9（预算60）但全局PnL=+147.42为正，放宽限制
2026-06-24 01:03:54,557 [daily_score] AI 建议: ranging (置信度=80%) | 价格在EMA20附近，RSI中性，布林带窄，ATR低，无明显趋势。
2026-06-24 01:04:11,724 [daily_score] ETH 日亏$28.6（预算50）但全局PnL=+147.42为正，放宽限制
2026-06-24 01:04:13,412 [daily_score] SOL_SWAP 日亏$25.9（预算60）但全局PnL=+147.42为正，放宽限制
2026-06-24 01:04:13,651 [daily_score] AI 建议: ranging (置信度=70%) | 价格贴近EMA20，布林带窄，RSI中性，无趋势信号。
2026-06-24 01:05:13,766 [daily_score] SOL_SWAP 日亏$25.9（预算60）但全局PnL=+147.42为正，放宽限制
2026-06-24 01:05:14,457 [daily_score] ETH 日亏$28.6（预算50）但全局PnL=+147.42为正，放宽限制
2026-06-24 01:06:12,808 [daily_score] AI 建议: ranging (置信度=70%) | 价格贴近EMA20，布林带窄，RSI中性
2026-06-24 01:06:14,165 [daily_score] SOL_SWAP 日亏$25.9（预算60）但全局PnL=+147.42为正，放宽限制
2026-06-24 01:06:15,605 [daily_score] ETH 日亏$28.6（预算50）但全局PnL=+147.42为正，放宽限制
2026-06-24 01:06:32,161 [daily_score] 宏观分析: 风险=70% 仓位倍率=40% | 市场偏弱，BTC关键位未收复，建议减仓观望。 | 信号: ['fail', 'watch', 'watch', 'watch']
2026-06-24 01:07:14,878 [daily_score] SOL_SWAP 日亏$25.9（预算60）但全局PnL=+147.42为正，放宽限制
2026-06-24 01:07:16,737 [daily_score] ETH 日亏$28.6（预算50）但全局PnL=+147.42为正，放宽限制
2026-06-24 01:08:15,203 [daily_score] SOL_SWAP 日亏$25.9（预算60）但全局PnL=+147.42为正，放宽限制
2026-06-24 01:08:17,833 [daily_score] ETH 日亏$28.6（预算50）但全局PnL=+147.42为正，放宽限制
2026-06-24 01:09:15,565 [daily_score] SOL_SWAP 日亏$25.9（预算60）但全局PnL=+147.42为正，放宽限制
2026-06-24 01:09:19,362 [daily_score] ETH 日亏$28.6（预算50）但全局PnL=+147.42为正，放宽限制
2026-06-24 01:09:56,145 [daily_score] AI 建议: ranging (置信度=80%) | 价格在EMA20与EMA60之间，布林带窄，RSI中性偏强，无明确趋势。
2026-06-24 01:10:15,939 [daily_score] SOL_SWAP 日亏$25.9（预算60）但全局PnL=+147.42为正，放宽限制
2026-06-24 01:10:20,416 [daily_score] ETH 日亏$28.6（预算50）但全局PnL=+147.42为正，放宽限制
2026-06-24 01:11:16,289 [daily_score] SOL_SWAP 日亏$25.9（预算60）但全局PnL=+147.42为正，放宽限制
2026-06-24 01:11:17,923 [daily_score] AI 建议: ranging (置信度=75%) | 价格在EMA20与EMA60之间，RSI中性，布林带窄
2026-06-24 01:11:21,489 [daily_score] ETH 日亏$28.6（预算50）但全局PnL=+147.42为正，放宽限制
2026-06-24 01:11:21,532 [daily_score] AI 建议: ranging (置信度=70%) | 价格在EMA20附近，RSI中性，布林带窄，ATR低
2026-06-24 01:11:32,046 [daily_score] 宏观分析: 风险=65% 仓位倍率=50% | 市场偏弱，等待关键位确认，建议半仓观望。 | 信号: ['fail', 'watch', 'watch', 'watch']
2026-06-24 01:12:18,105 [daily_score] SOL_SWAP 日亏$25.9（预算60）但全局PnL=+147.42为正，放宽限制
2026-06-24 01:12:22,602 [daily_score] ETH 日亏$28.6（预算50）但全局PnL=+147.42为正，放宽限制
2026-06-24 01:13:18,498 [daily_score] SOL_SWAP 日亏$25.9（预算60）但全局PnL=+147.42为正，放宽限制
2026-06-24 01:13:23,700 [daily_score] ETH 日亏$28.6（预算50）但全局PnL=+147.42为正，放宽限制
2026-06-24 01:14:18,828 [daily_score] SOL_SWAP 日亏$25.9（预算60）但全局PnL=+147.42为正，放宽限制
2026-06-24 01:14:24,746 [daily_score] ETH 日亏$28.6（预算50）但全局PnL=+147.42为正，放宽限制
2026-06-24 01:15:19,224 [daily_score] SOL_SWAP 日亏$25.9（预算60）但全局PnL=+147.42为正，放宽限制
2026-06-24 01:15:25,825 [daily_score] ETH 日亏$28.6（预算50）但全局PnL=+147.42为正，放宽限制
2026-06-24 01:16:19,598 [daily_score] SOL_SWAP 日亏$25.9（预算60）但全局PnL=+147.42为正，放宽限制
2026-06-24 01:16:27,112 [daily_score] ETH 日亏$28.6（预算50）但全局PnL=+147.42为正，放宽限制
2026-06-24 01:16:32,239 [daily_score] 宏观分析: 风险=70% 仓位倍率=60% | 市场偏弱，杠杆去化中，关注60k支撑和ETF流向，建议减仓观望。 | 信号: ['fail', 'watch', 'watch', 'watch']
2026-06-24 01:17:19,894 [daily_score] SOL_SWAP 日亏$25.9（预算60）但全局PnL=+147.42为正，放宽限制
2026-06-24 01:17:28,301 [daily_score] ETH 日亏$28.6（预算50）但全局PnL=+147.42为正，放宽限制
2026-06-24 01:18:20,370 [daily_score] SOL_SWAP 日亏$25.9（预算60）但全局PnL=+147.42为正，放宽限制
2026-06-24 01:18:29,337 [daily_score] ETH 日亏$28.6（预算50）但全局PnL=+147.42为正，放宽限制
2026-06-24 01:19:07,403 [daily_score] AI 建议: ranging (置信度=80%) | 价格在EMA20附近，RSI中性，布林带窄，ATR低
2026-06-24 01:19:08,584 [daily_score] [TRX] 波动自适: ATR%=0.075% vol_ratio=0.1x → 宽度×0.40(1.600%) 档位×2.50(22)
2026-06-24 01:19:20,735 [daily_score] SOL_SWAP 日亏$25.9（预算60）但全局PnL=+147.42为正，放宽限制
2026-06-24 01:19:30,425 [daily_score] ETH 日亏$28.6（预算50）但全局PnL=+147.42为正，放宽限制
2026-06-24 01:19:32,241 [daily_score] AI 建议: ranging (置信度=75%) | 价格在EMA20附近，RSI中性，布林带窄，ATR低，无明确方向。
2026-06-24 01:20:21,088 [daily_score] SOL_SWAP 日亏$25.9（预算60）但全局PnL=+147.42为正，放宽限制
2026-06-24 01:20:32,989 [daily_score] ETH 日亏$28.6（预算50）但全局PnL=+147.42为正，放宽限制
2026-06-24 01:21:21,436 [daily_score] AI 建议: ranging (置信度=70%) | 价格贴近EMA20，RSI中性，布林带窄，ATR低
2026-06-24 01:21:21,449 [daily_score] SOL_SWAP 日亏$25.9（预算60）但全局PnL=+147.42为正，放宽限制
2026-06-24 01:21:32,031 [daily_score] 宏观分析: 风险=70% 仓位倍率=60% | 市场偏空，杠杆健康但情绪恐慌，关注60k支撑。 | 信号: ['fail', 'watch', 'watch', 'watch']
2026-06-24 01:21:34,020 [daily_score] ETH 日亏$28.6（预算50）但全局PnL=+147.42为正，放宽限制
2026-06-24 01:22:21,839 [daily_score] SOL_SWAP 日亏$25.9（预算60）但全局PnL=+147.42为正，放宽限制
2026-06-24 01:22:35,149 [daily_score] ETH 日亏$28.6（预算50）但全局PnL=+147.42为正，放宽限制
2026-06-24 01:23:22,220 [daily_score] SOL_SWAP 日亏$25.9（预算60）但全局PnL=+147.42为正，放宽限制
2026-06-24 01:23:36,202 [daily_score] ETH 日亏$28.6（预算50）但全局PnL=+147.42为正，放宽限制
2026-06-24 01:24:22,685 [daily_score] SOL_SWAP 日亏$25.9（预算60）但全局PnL=+147.42为正，放宽限制
2026-06-24 01:24:37,225 [daily_score] ETH 日亏$28.6（预算50）但全局PnL=+147.42为正，放宽限制
2026-06-24 01:25:15,283 [daily_score] AI 建议: ranging (置信度=80%) | 价格在EMA20与EMA60之间，RSI中性偏高，布林带窄，ATR低
2026-06-24 01:25:23,031 [daily_score] SOL_SWAP 日亏$25.9（预算60）但全局PnL=+147.42为正，放宽限制
2026-06-24 01:25:38,247 [daily_score] ETH 日亏$28.6（预算50）但全局PnL=+147.42为正，放宽限制
2026-06-24 01:26:23,509 [daily_score] SOL_SWAP 日亏$25.9（预算60）但全局PnL=+147.42为正，放宽限制
2026-06-24 01:26:24,977 [daily_score] AI 建议: ranging (置信度=75%) | 价格在EMA20与EMA60之间，布林带窄，RSI中性，规则引擎判定震荡。
2026-06-24 01:26:27,818 [daily_score] AI 建议: ranging (置信度=80%) | 价格在EMA20附近，RSI中性，布林带窄，ATR低，震荡格局。
2026-06-24 01:26:33,496 [daily_score] 宏观分析: 风险=70% 仓位倍率=40% | 市场偏空，杠杆健康但情绪恐慌，等待关键位确认。 | 信号: ['fail', 'watch', 'watch', 'watch']
2026-06-24 01:26:39,387 [daily_score] ETH 日亏$28.6（预算50）但全局PnL=+147.42为正，放宽限制
2026-06-24 01:27:25,157 [daily_score] SOL_SWAP 日亏$25.9（预算60）但全局PnL=+147.42为正，放宽限制
2026-06-24 01:27:40,401 [daily_score] ETH 日亏$28.6（预算50）但全局PnL=+147.42为正，放宽限制
2026-06-24 01:28:25,466 [daily_score] SOL_SWAP 日亏$25.9（预算60）但全局PnL=+147.42为正，放宽限制
2026-06-24 01:28:41,464 [daily_score] ETH 日亏$28.6（预算50）但全局PnL=+147.42为正，放宽限制
2026-06-24 01:29:25,830 [daily_score] SOL_SWAP 日亏$25.9（预算60）但全局PnL=+147.42为正，放宽限制
2026-06-24 01:29:42,515 [daily_score] ETH 日亏$28.6（预算50）但全局PnL=+147.42为正，放宽限制
2026-06-24 01:30:26,142 [daily_score] SOL_SWAP 日亏$25.9（预算60）但全局PnL=+147.42为正，放宽限制
2026-06-24 01:30:43,658 [daily_score] ETH 日亏$28.6（预算50）但全局PnL=+147.42为正，放宽限制
2026-06-24 01:31:26,499 [daily_score] SOL_SWAP 日亏$25.9（预算60）但全局PnL=+147.42为正，放宽限制
2026-06-24 01:31:33,565 [daily_score] 宏观分析: 风险=70% 仓位倍率=60% | 市场偏弱，杠杆健康但情绪恐慌，等待关键位确认。 | 信号: ['fail', 'watch', 'watch', 'watch']
2026-06-24 01:31:44,908 [daily_score] ETH 日亏$28.6（预算50）但全局PnL=+147.42为正，放宽限制
2026-06-24 01:32:26,825 [daily_score] SOL_SWAP 日亏$25.9（预算60）但全局PnL=+147.42为正，放宽限制
2026-06-24 01:32:45,987 [daily_score] ETH 日亏$28.6（预算50）但全局PnL=+147.42为正，放宽限制
2026-06-24 01:33:27,157 [daily_score] SOL_SWAP 日亏$25.9（预算60）但全局PnL=+147.42为正，放宽限制
2026-06-24 01:33:47,005 [daily_score] ETH 日亏$28.6（预算50）但全局PnL=+147.42为正，放宽限制
2026-06-24 01:34:23,344 [daily_score] AI 建议: ranging (置信度=70%) | 价格贴近EMA20，布林带窄，RSI中性，无明显趋势。
2026-06-24 01:34:27,486 [daily_score] SOL_SWAP 日亏$25.9（预算60）但全局PnL=+147.42为正，放宽限制
2026-06-24 01:34:48,151 [daily_score] ETH 日亏$28.6（预算50）但全局PnL=+147.42为正，放宽限制
2026-06-24 01:34:49,797 [daily_score] AI 建议: ranging (置信度=70%) | 价格贴近EMA20，RSI中性，布林带窄，ATR低，震荡格局。
2026-06-24 01:35:27,797 [daily_score] SOL_SWAP 日亏$25.9（预算60）但全局PnL=+147.42为正，放宽限制
2026-06-24 01:35:50,599 [daily_score] ETH 日亏$28.6（预算50）但全局PnL=+147.42为正，放宽限制
2026-06-24 01:36:28,130 [daily_score] SOL_SWAP 日亏$25.9（预算60）但全局PnL=+147.42为正，放宽限制
2026-06-24 01:36:30,209 [daily_score] AI 建议: ranging (置信度=80%) | 价格在EMA20与EMA60之间，RSI中性，布林带窄
2026-06-24 01:36:33,335 [daily_score] 宏观分析: 风险=65% 仓位倍率=50% | 市场偏弱，杠杆健康但情绪恐慌，关注60k支撑和ETF数据。 | 信号: ['fail', 'watch', 'watch', 'watch']
2026-06-24 01:36:51,670 [daily_score] ETH 日亏$28.6（预算50）但全局PnL=+147.42为正，放宽限制
2026-06-24 01:37:28,486 [daily_score] SOL_SWAP 日亏$25.9（预算60）但全局PnL=+147.42为正，放宽限制
2026-06-24 01:37:52,841 [daily_score] ETH 日亏$28.6（预算50）但全局PnL=+147.42为正，放宽限制
2026-06-24 01:38:28,842 [daily_score] SOL_SWAP 日亏$25.9（预算60）但全局PnL=+147.42为正，放宽限制
2026-06-24 01:38:53,871 [daily_score] ETH 日亏$28.6（预算50）但全局PnL=+147.42为正，放宽限制
2026-06-24 01:39:29,228 [daily_score] SOL_SWAP 日亏$25.9（预算60）但全局PnL=+147.42为正，放宽限制
2026-06-24 01:39:54,958 [daily_score] ETH 日亏$28.6（预算50）但全局PnL=+147.42为正，放宽限制
2026-06-24 01:40:29,600 [daily_score] SOL_SWAP 日亏$25.9（预算60）但全局PnL=+147.42为正，放宽限制
2026-06-24 01:40:33,743 [daily_score] AI 建议: ranging (置信度=80%) | 价格在EMA20与EMA60之间，布林带窄，RSI中性偏强，无明确趋势。
2026-06-24 01:40:56,030 [daily_score] ETH 日亏$28.6（预算50）但全局PnL=+147.42为正，放宽限制
2026-06-24 01:41:29,919 [daily_score] SOL_SWAP 日亏$25.9（预算60）但全局PnL=+147.42为正，放宽限制
2026-06-24 01:41:31,315 [daily_score] AI 建议: ranging (置信度=75%) | 价格在EMA20与EMA60之间，RSI中性偏强，布林带窄
2026-06-24 01:41:34,201 [daily_score] AI 建议: ranging (置信度=70%) | 价格在EMA20附近，RSI中性，布林带窄，ATR低
2026-06-24 01:41:34,567 [daily_score] 宏观分析: 风险=65% 仓位倍率=50% | 市场偏弱，杠杆健康但情绪恐慌，等待关键位确认。 | 信号: ['fail', 'watch', 'watch', 'watch']
2026-06-24 01:41:57,100 [daily_score] ETH 日亏$28.6（预算50）但全局PnL=+147.42为正，放宽限制
2026-06-24 01:42:31,505 [daily_score] SOL_SWAP 日亏$25.9（预算60）但全局PnL=+147.42为正，放宽限制
2026-06-24 01:42:58,119 [daily_score] ETH 日亏$28.6（预算50）但全局PnL=+147.42为正，放宽限制
2026-06-24 01:43:31,857 [daily_score] SOL_SWAP 日亏$25.9（预算60）但全局PnL=+147.42为正，放宽限制
2026-06-24 01:43:59,244 [daily_score] ETH 日亏$28.6（预算50）但全局PnL=+147.42为正，放宽限制
2026-06-24 01:44:32,243 [daily_score] SOL_SWAP 日亏$25.9（预算60）但全局PnL=+147.42为正，放宽限制
2026-06-24 01:45:00,366 [daily_score] ETH 日亏$28.6（预算50）但全局PnL=+147.42为正，放宽限制
2026-06-24 01:45:32,641 [daily_score] SOL_SWAP 日亏$25.9（预算60）但全局PnL=+147.42为正，放宽限制
2026-06-24 01:46:02,008 [daily_score] ETH 日亏$28.6（预算50）但全局PnL=+147.42为正，放宽限制
2026-06-24 01:46:32,977 [daily_score] SOL_SWAP 日亏$25.9（预算60）但全局PnL=+147.42为正，放宽限制
2026-06-24 01:46:35,707 [daily_score] 宏观分析: 风险=70% 仓位倍率=60% | 市场偏空，等待关键位确认，仓位适中。 | 信号: ['fail', 'watch', 'watch', 'watch']
2026-06-24 01:47:03,286 [daily_score] ETH 日亏$28.6（预算50）但全局PnL=+147.42为正，放宽限制
2026-06-24 01:47:33,322 [daily_score] SOL_SWAP 日亏$25.9（预算60）但全局PnL=+147.42为正，放宽限制
2026-06-24 01:48:04,401 [daily_score] ETH 日亏$28.6（预算50）但全局PnL=+147.42为正，放宽限制
2026-06-24 01:48:33,784 [daily_score] SOL_SWAP 日亏$25.9（预算60）但全局PnL=+147.42为正，放宽限制
2026-06-24 01:49:05,509 [daily_score] ETH 日亏$28.6（预算50）但全局PnL=+147.42为正，放宽限制
2026-06-24 01:49:34,116 [daily_score] SOL_SWAP 日亏$25.9（预算60）但全局PnL=+147.42为正，放宽限制
2026-06-24 01:49:35,198 [daily_score] AI 建议: ranging (置信度=80%) | 价格贴近EMA20，布林带窄，RSI中性，无明显趋势
2026-06-24 01:50:06,537 [daily_score] ETH 日亏$28.6（预算50）但全局PnL=+147.42为正，放宽限制
2026-06-24 01:50:08,477 [daily_score] AI 建议: ranging (置信度=75%) | 价格贴近EMA20，布林带窄，RSI中性，无趋势信号
2026-06-24 01:50:34,462 [daily_score] SOL_SWAP 日亏$25.9（预算60）但全局PnL=+147.42为正，放宽限制
2026-06-24 01:51:09,242 [daily_score] ETH 日亏$28.6（预算50）但全局PnL=+147.42为正，放宽限制
2026-06-24 01:51:34,673 [daily_score] 宏观分析: 风险=70% 仓位倍率=60% | 市场偏弱，杠杆健康但多头承压，关注60k支撑和ETF流向。 | 信号: ['fail', 'watch', 'watch', 'watch']
2026-06-24 01:51:34,813 [daily_score] SOL_SWAP 日亏$25.9（预算60）但全局PnL=+147.42为正，放宽限制
2026-06-24 01:51:38,956 [daily_score] AI 建议: ranging (置信度=75%) | 价格在EMA附近，布林带窄，RSI中性，无明确趋势。
2026-06-24 01:52:10,526 [daily_score] ETH 日亏$28.6（预算50）但全局PnL=+147.42为正，放宽限制
2026-06-24 01:52:35,115 [daily_score] SOL_SWAP 日亏$25.9（预算60）但全局PnL=+147.42为正，放宽限制
2026-06-24 01:53:11,602 [daily_score] ETH 日亏$28.6（预算50）但全局PnL=+147.42为正，放宽限制
2026-06-24 01:53:35,473 [daily_score] SOL_SWAP 日亏$25.9（预算60）但全局PnL=+147.42为正，放宽限制
2026-06-24 01:54:12,634 [daily_score] ETH 日亏$28.6（预算50）但全局PnL=+147.42为正，放宽限制
2026-06-24 01:54:35,796 [daily_score] SOL_SWAP 日亏$25.9（预算60）但全局PnL=+147.42为正，放宽限制
2026-06-24 01:55:13,787 [daily_score] ETH 日亏$28.6（预算50）但全局PnL=+147.42为正，放宽限制
2026-06-24 01:55:36,185 [daily_score] SOL_SWAP 日亏$25.9（预算60）但全局PnL=+147.42为正，放宽限制
2026-06-24 01:55:50,939 [daily_score] AI 建议: ranging (置信度=75%) | 价格在EMA20与EMA60之间，布林带窄，RSI中性，ATR低。
2026-06-24 01:56:14,879 [daily_score] ETH 日亏$28.6（预算50）但全局PnL=+147.42为正，放宽限制
2026-06-24 01:56:35,874 [daily_score] 宏观分析: 风险=70% 仓位倍率=60% | 市场偏弱，杠杆健康但多头承压，关注60k支撑和ETF流向。 | 信号: ['fail', 'watch', 'watch', 'watch']
2026-06-24 01:56:36,521 [daily_score] SOL_SWAP 日亏$25.9（预算60）但全局PnL=+147.42为正，放宽限制
2026-06-24 01:56:38,283 [daily_score] AI 建议: ranging (置信度=75%) | 价格在EMA20与EMA60之间，RSI中性，布林带窄
2026-06-24 01:56:40,588 [daily_score] AI 建议: ranging (置信度=80%) | 价格贴近EMA20，布林带窄，RSI中性，无明显趋势。
2026-06-24 01:57:16,005 [daily_score] ETH 日亏$28.6（预算50）但全局PnL=+147.42为正，放宽限制
2026-06-24 01:57:38,514 [daily_score] SOL_SWAP 日亏$25.9（预算60）但全局PnL=+147.42为正，放宽限制
2026-06-24 01:58:17,054 [daily_score] ETH 日亏$28.6（预算50）但全局PnL=+147.42为正，放宽限制
2026-06-24 01:58:38,810 [daily_score] SOL_SWAP 日亏$25.9（预算60）但全局PnL=+147.42为正，放宽限制
2026-06-24 01:59:18,116 [daily_score] ETH 日亏$28.6（预算50）但全局PnL=+147.42为正，放宽限制
2026-06-24 01:59:39,171 [daily_score] SOL_SWAP 日亏$25.9（预算60）但全局PnL=+147.42为正，放宽限制
2026-06-24 02:01:36,508 [daily_score] 宏观分析: 风险=70% 仓位倍率=60% | 市场偏弱，杠杆去化中，关注60k支撑和ETF流向。 | 信号: ['fail', 'watch', 'watch', 'watch']
2026-06-24 02:04:48,074 [daily_score] AI 建议: ranging (置信度=80%) | 价格在EMA20附近，布林带窄，RSI中性，无趋势信号。
2026-06-24 02:05:26,557 [daily_score] AI 建议: ranging (置信度=70%) | 价格在EMA20与EMA60之间，RSI中性，布林带窄，ATR低，无明确趋势。
2026-06-24 02:06:36,754 [daily_score] 宏观分析: 风险=70% 仓位倍率=60% | 市场偏弱，杠杆健康但多头承压，关注60k支撑和ETF数据。 | 信号: ['fail', 'watch', 'watch', 'watch']
2026-06-24 02:06:47,972 [daily_score] AI 建议: ranging (置信度=80%) | 价格在EMA20附近，布林带窄，RSI中性
2026-06-24 02:06:50,382 [daily_score] [TRX_SWAP] 波动自适: ATR%=0.113% vol_ratio=0.1x → 宽度×0.40(1.600%) 档位×2.50(22)
2026-06-24 02:11:10,154 [daily_score] AI 建议: ranging (置信度=70%) | 价格在均线附近，布林带窄，RSI中性偏强
2026-06-24 02:11:38,030 [daily_score] 宏观分析: 风险=70% 仓位倍率=60% | 市场偏弱，杠杆健康但多头承压，山寨恐慌，等待关键位确认。 | 信号: ['fail', 'watch', 'watch', 'watch']
2026-06-24 02:11:45,067 [daily_score] AI 建议: ranging (置信度=75%) | 价格在EMA20与EMA60之间，布林带窄，RSI中性
2026-06-24 02:11:46,943 [daily_score] AI 建议: ranging (置信度=75%) | 价格在EMA20与EMA60之间，RSI中性，布林带窄，ATR低
2026-06-24 02:16:37,983 [daily_score] 宏观分析: 风险=70% 仓位倍率=60% | 市场偏弱，关注60k支撑和ETF流向，建议谨慎仓位。 | 信号: ['fail', 'watch', 'watch', 'watch']
2026-06-24 02:20:01,929 [daily_score] AI 建议: ranging (置信度=75%) | 价格在EMA20附近，RSI中性，布林带窄，ATR低
2026-06-24 02:20:44,814 [daily_score] AI 建议: ranging (置信度=75%) | 价格在EMA附近，布林带窄，RSI中性，无趋势信号
2026-06-24 02:21:38,760 [daily_score] 宏观分析: 风险=70% 仓位倍率=60% | 市场偏弱，BTC关键位未收复，山寨币恐慌，建议谨慎，仓位六成。 | 信号: ['fail', 'watch', 'watch', 'watch']
2026-06-24 02:22:01,181 [daily_score] AI 建议: ranging (置信度=70%) | 价格在EMA20附近，布林带窄，RSI中性
2026-06-24 02:26:27,992 [daily_score] AI 建议: ranging (置信度=70%) | 价格贴近均线，布林带窄，RSI偏高但未超买，震荡格局
2026-06-24 02:26:38,858 [daily_score] 宏观分析: 风险=70% 仓位倍率=50% | 市场偏弱，杠杆健康但情绪恐慌，等待关键位确认。 | 信号: ['fail', 'watch', 'watch', 'watch']
2026-06-24 02:26:51,820 [daily_score] AI 建议: ranging (置信度=80%) | 价格在EMA附近，布林带窄，RSI中性偏高，ATR低
2026-06-24 02:26:53,811 [daily_score] AI 建议: ranging (置信度=75%) | 价格在EMA20与EMA60之间，RSI中性，布林带窄幅，ATR低
2026-06-24 02:31:39,150 [daily_score] 宏观分析: 风险=70% 仓位倍率=60% | 市场偏弱，杠杆健康但多头承压，等待关键位确认。 | 信号: ['fail', 'watch', 'watch', 'watch']
2026-06-24 02:35:14,105 [daily_score] AI 建议: ranging (置信度=80%) | 价格贴近EMA20，RSI中性，布林带窄，ATR低，无明显趋势。
2026-06-24 02:36:03,051 [daily_score] AI 建议: ranging (置信度=75%) | 价格在EMA20与EMA60之间，RSI中性，布林带窄，ATR低。
2026-06-24 02:36:40,164 [daily_score] 宏观分析: 风险=70% 仓位倍率=60% | 市场偏空，杠杆温和但多头受压，关注60k支撑和ETF流向。 | 信号: ['fail', 'watch', 'watch', 'watch']
2026-06-24 02:41:40,238 [daily_score] 宏观分析: 风险=70% 仓位倍率=60% | 市场偏空，杠杆未清，等待关键位确认。 | 信号: ['fail', 'watch', 'watch', 'watch']
2026-06-24 02:41:46,488 [daily_score] AI 建议: ranging (置信度=70%) | 价格在EMA附近，布林带窄，RSI中性偏高，无明确趋势。
2026-06-24 02:41:58,773 [daily_score] AI 建议: ranging (置信度=85%) | 价格在EMA附近，布林带窄，RSI中性，规则引擎判定震荡
2026-06-24 02:42:00,684 [daily_score] AI 建议: ranging (置信度=80%) | 价格在EMA20与EMA60之间，RSI中性，布林带窄，ATR低
2026-06-24 02:46:40,604 [daily_score] 宏观分析: 风险=70% 仓位倍率=60% | 市场偏空，杠杆健康但情绪恐慌，关注60k支撑和ETF流向。 | 信号: ['fail', 'watch', 'watch', 'watch']
2026-06-24 02:50:26,108 [daily_score] AI 建议: ranging (置信度=80%) | 价格贴近EMA20，RSI中性，布林带窄，ATR低，震荡格局。
2026-06-24 02:51:21,661 [daily_score] AI 建议: ranging (置信度=70%) | 价格在均线附近，布林带窄，RSI中性
2026-06-24 02:51:40,951 [daily_score] 宏观分析: 风险=60% 仓位倍率=50% | 市场偏弱，等待关键位确认，建议半仓观望。 | 信号: ['fail', 'watch', 'watch', 'watch']
2026-06-24 02:56:41,976 [daily_score] 宏观分析: 风险=70% 仓位倍率=60% | 市场偏弱，杠杆健康但多头承压，等待关键位确认。 | 信号: ['fail', 'watch', 'watch', 'watch']
2026-06-24 02:57:05,011 [daily_score] AI 建议: ranging (置信度=80%) | 价格在EMA附近，布林带窄，RSI中性偏强，ATR低，震荡格局。
2026-06-24 02:57:05,988 [daily_score] AI 建议: ranging (置信度=70%) | 价格贴近EMA，布林带窄，RSI中性偏强，规则引擎判定震荡。
2026-06-24 02:57:07,621 [daily_score] AI 建议: ranging (置信度=80%) | 价格在布林带内，RSI中性，EMA偏离小，ATR低
2026-06-24 03:01:42,487 [daily_score] 宏观分析: 风险=70% 仓位倍率=60% | 市场偏弱，杠杆健康但多头承压，等待关键位确认。 | 信号: ['fail', 'watch', 'watch', 'watch']
2026-06-24 03:05:39,157 [daily_score] AI 建议: ranging (置信度=75%) | 价格贴近EMA20，布林带窄，RSI中性，无明显趋势。
2026-06-24 03:06:40,173 [daily_score] AI 建议: ranging (置信度=75%) | 价格在EMA附近，布林带窄，RSI中性，无明确趋势。
2026-06-24 03:06:42,913 [daily_score] 宏观分析: 风险=65% 仓位倍率=50% | 市场偏弱，等待关键位确认，仓位减半。 | 信号: ['fail', 'watch', 'watch', 'watch']
2026-06-24 03:11:42,344 [daily_score] 宏观分析: 风险=65% 仓位倍率=50% | 市场偏弱，杠杆未清，ETF流出风险，建议半仓观望。 | 信号: ['fail', 'watch', 'watch', 'watch']
2026-06-24 03:12:12,692 [daily_score] AI 建议: ranging (置信度=80%) | 价格在布林带内，RSI中性，EMA偏离小，ATR低
2026-06-24 03:12:14,779 [daily_score] AI 建议: ranging (置信度=70%) | 价格在EMA附近，RSI中性，布林带窄，ATR低
2026-06-24 03:12:24,160 [daily_score] AI 建议: ranging (置信度=80%) | 价格紧贴均线，布林带窄，RSI中性，符合震荡特征。
2026-06-24 03:16:43,722 [daily_score] 宏观分析: 风险=70% 仓位倍率=60% | 市场偏弱，杠杆健康但多头承压，关注60k支撑和ETF流向。 | 信号: ['fail', 'watch', 'watch', 'watch']
2026-06-24 03:20:52,875 [daily_score] AI 建议: ranging (置信度=70%) | 价格在EMA20和EMA60下方，RSI中性，布林带窄，ATR低，无明显趋势。
2026-06-24 03:21:44,446 [daily_score] 宏观分析: 风险=70% 仓位倍率=60% | 市场偏弱，杠杆健康但情绪恐慌，关注60k支撑和ETF数据。 | 信号: ['fail', 'watch', 'watch', 'watch']
2026-06-24 03:21:58,307 [daily_score] AI 建议: ranging (置信度=70%) | 价格在EMA附近，布林带窄，RSI中性，ATR低
2026-06-24 03:26:45,231 [daily_score] 宏观分析: 风险=70% 仓位倍率=60% | 市场偏弱，杠杆尚可但情绪低迷，等待关键位确认。 | 信号: ['fail', 'watch', 'watch', 'watch']
2026-06-24 03:27:19,868 [daily_score] AI 建议: ranging (置信度=70%) | 价格位于EMA附近，布林带窄，RSI中性
2026-06-24 03:27:21,838 [daily_score] AI 建议: ranging (置信度=70%) | 价格在EMA附近，布林带窄，RSI中性，无趋势
2026-06-24 03:27:43,235 [daily_score] AI 建议: ranging (置信度=80%) | 价格紧贴均线，布林带窄，RSI中性，无趋势信号
2026-06-24 03:31:45,803 [daily_score] 宏观分析: 风险=70% 仓位倍率=40% | 市场偏弱，杠杆尚可但多头承压，等待关键位确认。 | 信号: ['fail', 'watch', 'watch', 'watch']
2026-06-24 03:36:05,982 [daily_score] AI 建议: ranging (置信度=70%) | 价格在EMA下方，RSI中性，布林带窄，ATR低，震荡格局
2026-06-24 03:36:46,648 [daily_score] 宏观分析: 风险=60% 仓位倍率=50% | 市场震荡偏弱，关键位未收复，风险中等，建议半仓观望。 | 信号: ['fail', 'watch', 'watch', 'watch']
2026-06-24 03:37:16,775 [daily_score] AI 建议: ranging (置信度=80%) | 价格围绕均线波动，布林带窄，RSI中性，ATR低。
2026-06-24 03:41:46,993 [daily_score] 宏观分析: 风险=70% 仓位倍率=60% | 市场偏弱，关注60k支撑和ETF流向，建议减仓观望。 | 信号: ['fail', 'watch', 'watch', 'watch']
2026-06-24 03:42:26,542 [daily_score] AI 建议: ranging (置信度=70%) | 价格在EMA上下波动，布林带窄，RSI中性，规则引擎判定为震荡
2026-06-24 03:42:28,846 [daily_score] AI 建议: ranging (置信度=80%) | 价格在EMA20与EMA60之间，RSI中性，布林带窄，ATR低，无明确趋势。
2026-06-24 03:43:01,589 [daily_score] AI 建议: ranging (置信度=80%) | EMA偏离小，布林带窄，RSI中性，规则引擎判定震荡
2026-06-24 03:46:47,618 [daily_score] 宏观分析: 风险=70% 仓位倍率=60% | 市场偏弱，等待关键位确认，建议减仓观望。 | 信号: ['fail', 'watch', 'watch', 'watch']
2026-06-24 03:51:17,973 [daily_score] AI 建议: ranging (置信度=75%) | 价格在EMA下方但偏离小，RSI中性，布林带窄，ATR低，震荡格局。
2026-06-24 03:51:47,502 [daily_score] 宏观分析: 风险=70% 仓位倍率=60% | 市场偏弱，关键位未收复，等待信号确认。 | 信号: ['fail', 'watch', 'watch', 'watch']
2026-06-24 03:52:34,953 [daily_score] AI 建议: ranging (置信度=80%) | 价格在EMA附近，布林带窄，RSI中性
2026-06-24 03:52:34,959 [daily_score] 撤销网格所有挂单...
2026-06-24 03:52:35,128 [daily_score] 已撤单 @ 1610.483116
2026-06-24 03:52:35,290 [daily_score] 已撤单 @ 1632.05387
2026-06-24 03:52:35,451 [daily_score] 已撤单 @ 1653.624623
2026-06-24 03:52:35,452 [daily_score] [ETH] 波动自适: ATR%=0.327% vol_ratio=0.2x → 宽度×0.40(6.480%) 档位×2.50(5)
2026-06-24 03:52:35,455 [daily_score] 网格间距: 1.3394%，区间: 1616.71930 ~ 1724.99070
2026-06-24 03:52:35,456 [daily_score] 网格价位: [np.float64(1616.719298), np.float64(1638.373579), np.float64(1660.02786), np.float64(1681.68214), np.float64(1703.336421), np.float64(1724.990702)]
2026-06-24 03:52:35,456 [daily_score] 启动网格，当前价格: 1675.4 区间: 1616.71930~1724.99070
2026-06-24 03:52:35,692 [daily_score] 挂单 buy 1.237 @ 1616.719298
2026-06-24 03:52:35,854 [daily_score] 挂单 buy 1.2207 @ 1638.373579
2026-06-24 03:52:36,025 [daily_score] 挂单 buy 1.2047 @ 1660.02786
2026-06-24 03:52:36,026 [daily_score] [网格] 启动成功: 买3挂单 (区间 1616.72~1724.99，仓位上限正常)
2026-06-24 03:56:47,949 [daily_score] 宏观分析: 风险=65% 仓位倍率=50% | 市场偏弱，关键位未收复，风险中等，建议半仓观望。 | 信号: ['fail', 'watch', 'watch', 'watch']
2026-06-24 03:57:33,043 [daily_score] AI 建议: ranging (置信度=75%) | 价格在布林带内，RSI中性，EMA偏离小，ATR低
2026-06-24 03:57:35,821 [daily_score] AI 建议: ranging (置信度=80%) | 价格在EMA附近，RSI中性，布林带窄，ATR低，震荡格局。
2026-06-24 03:58:19,913 [daily_score] AI 建议: ranging (置信度=75%) | 价格在EMA附近，布林带窄，RSI中性，无明确趋势。
2026-06-24 04:01:47,965 [daily_score] 宏观分析: 风险=65% 仓位倍率=50% | 市场偏弱，等待关键位确认，建议半仓观望。 | 信号: ['fail', 'watch', 'watch', 'watch']
2026-06-24 04:06:30,451 [daily_score] AI 建议: ranging (置信度=70%) | 价格在EMA下方，RSI中性，布林带窄，ATR低，震荡格局。
2026-06-24 04:06:48,121 [daily_score] 宏观分析: 风险=60% 仓位倍率=50% | 市场偏弱，等待关键位确认，建议半仓观望。 | 信号: ['fail', 'watch', 'watch', 'watch']
2026-06-24 04:07:54,578 [daily_score] AI 建议: ranging (置信度=80%) | 价格在EMA附近，布林带窄，RSI中性
2026-06-24 04:11:48,698 [daily_score] 宏观分析: 风险=70% 仓位倍率=60% | 市场偏弱，杠杆健康但资金外流，关注60k支撑和ETF数据。 | 信号: ['fail', 'watch', 'watch', 'watch']
2026-06-24 04:12:39,712 [daily_score] AI 建议: ranging (置信度=70%) | 价格在均线上方但偏离小，布林带窄，RSI中性，无趋势信号。
2026-06-24 04:12:43,226 [daily_score] AI 建议: ranging (置信度=80%) | 价格围绕均线波动，RSI中性，布林带窄，ATR低
2026-06-24 04:13:39,105 [daily_score] AI 建议: ranging (置信度=85%) | 价格在EMA上下波动，RSI中性，布林带窄，ATR低，符合震荡特征。
2026-06-24 04:16:48,577 [daily_score] 宏观分析: 风险=70% 仓位倍率=60% | 市场偏弱，杠杆未清，ETF或流出，等待60k支撑确认。 | 信号: ['fail', 'watch', 'watch', 'watch']
2026-06-24 04:21:43,687 [daily_score] AI 建议: ranging (置信度=80%) | 价格在EMA下方但偏离小，RSI中性，布林带窄，ATR低，震荡格局。
2026-06-24 04:21:49,603 [daily_score] 宏观分析: 风险=65% 仓位倍率=50% | 市场偏弱，等待关键位确认，谨慎观望。 | 信号: ['fail', 'watch', 'watch', 'watch']
2026-06-24 04:23:13,780 [daily_score] AI 建议: ranging (置信度=80%) | 价格在均线附近，布林带窄，RSI中性，无趋势信号。
2026-06-24 04:26:50,038 [daily_score] 宏观分析: 风险=70% 仓位倍率=60% | 市场偏空，等待关键位确认，建议减仓观望。 | 信号: ['fail', 'watch', 'watch', 'watch']
2026-06-24 04:27:46,426 [daily_score] AI 建议: ranging (置信度=80%) | 价格在均线上方但偏离小，布林带窄，RSI中性，规则引擎判定震荡。
2026-06-24 04:27:50,036 [daily_score] AI 建议: ranging (置信度=70%) | 价格在EMA附近，布林带窄，RSI中性，无趋势信号。
2026-06-24 04:28:57,832 [daily_score] AI 建议: ranging (置信度=70%) | 价格在EMA上下波动，RSI中性，布林带窄幅，ATR低。
2026-06-24 04:28:57,836 [daily_score] 撤销网格所有挂单...
2026-06-24 04:28:58,005 [daily_score] 已撤单 @ 67.21884
2026-06-24 04:28:58,172 [daily_score] 已撤单 @ 67.891304
2026-06-24 04:28:58,337 [daily_score] 已撤单 @ 68.563768
2026-06-24 04:28:58,337 [daily_score] [SOL] 波动自适: ATR%=0.425% vol_ratio=0.2x → 宽度×0.40(4.880%) 档位×2.50(5)
2026-06-24 04:28:58,339 [daily_score] 网格间距: 1.0004%，区间: 68.09200 ~ 71.49800
2026-06-24 04:28:58,339 [daily_score] 网格价位: [np.float64(68.092002), np.float64(68.773201), np.float64(69.4544), np.float64(70.1356), np.float64(70.816799), np.float64(71.497998)]
2026-06-24 04:28:58,339 [daily_score] 启动网格，当前价格: 69.71 区间: 68.09200~71.49800
2026-06-24 04:28:58,634 [daily_score] 挂单 buy 35.24 @ 68.092002
2026-06-24 04:28:58,823 [daily_score] 挂单 buy 34.89 @ 68.773201
2026-06-24 04:28:58,924 [daily_score] 挂单 buy 34.55 @ 69.4544
2026-06-24 04:28:58,924 [daily_score] [网格] 启动成功: 买3挂单 (区间 68.09~71.50，仓位上限正常)
2026-06-24 04:31:50,539 [daily_score] 宏观分析: 风险=70% 仓位倍率=60% | 市场偏弱，等待关键位确认，建议轻仓观望。 | 信号: ['fail', 'watch', 'watch', 'watch']
2026-06-24 04:36:50,493 [daily_score] 宏观分析: 风险=70% 仓位倍率=60% | 市场偏弱，杠杆健康但情绪恐慌，关注60k支撑和ETF流向。 | 信号: ['fail', 'watch', 'watch', 'watch']
2026-06-24 04:36:56,960 [daily_score] AI 建议: ranging (置信度=80%) | 价格在EMA下方，RSI中性偏弱，布林带窄，ATR低，震荡格局。
2026-06-24 04:38:33,008 [daily_score] AI 建议: ranging (置信度=80%) | 价格贴近EMA，布林带窄，RSI中性，无明显趋势。
2026-06-24 04:41:51,701 [daily_score] 宏观分析: 风险=70% 仓位倍率=60% | 市场偏弱，杠杆健康但多头压力大，等待关键位确认。 | 信号: ['fail', 'watch', 'watch', 'watch']
2026-06-24 04:42:53,422 [daily_score] AI 建议: ranging (置信度=70%) | 价格紧贴EMA20，布林带窄，RSI中性，无明确方向。
2026-06-24 04:42:57,056 [daily_score] AI 建议: ranging (置信度=75%) | 价格贴近EMA，布林带窄，RSI中性，无趋势信号。
2026-06-24 04:43:16,704 [daily_score] 成交: buy 34.55 SOL @ 69.45
2026-06-24 04:43:16,874 [daily_score] 补挂卖单 @ 70.1356
2026-06-24 04:44:19,038 [daily_score] AI 建议: ranging (置信度=75%) | 价格紧贴EMA20，布林带窄，RSI中性，无趋势信号。
2026-06-24 04:46:52,004 [daily_score] 宏观分析: 风险=70% 仓位倍率=40% | 市场偏弱，杠杆去化中，等待关键位确认，建议轻仓。 | 信号: ['fail', 'watch', 'watch', 'watch']
2026-06-24 04:51:54,332 [daily_score] 宏观分析: 风险=70% 仓位倍率=60% | 市场偏弱，杠杆健康但情绪恐慌，关注60k支撑和ETF流向。 | 信号: ['fail', 'watch', 'watch', 'watch']
2026-06-24 04:52:10,433 [daily_score] AI 建议: ranging (置信度=80%) | 价格紧贴EMA20，布林带窄，RSI中性，无明显趋势。
2026-06-24 04:53:53,130 [daily_score] AI 建议: ranging (置信度=75%) | 价格贴近EMA，布林带窄，RSI中性，波动小
2026-06-24 04:56:52,992 [daily_score] 宏观分析: 风险=70% 仓位倍率=60% | 市场偏弱，等待关键位确认，建议半仓观望。 | 信号: ['fail', 'watch', 'watch', 'watch']
2026-06-24 04:58:01,845 [daily_score] AI 建议: ranging (置信度=70%) | 价格在EMA20附近，布林带窄，RSI中性，规则引擎判定震荡。
2026-06-24 04:58:05,159 [daily_score] AI 建议: ranging (置信度=80%) | 价格在EMA附近波动，布林带窄，RSI中性
2026-06-24 04:59:39,935 [daily_score] AI 建议: ranging (置信度=75%) | 价格紧贴EMA20，布林带窄，RSI中性，无趋势信号
2026-06-24 05:01:53,122 [daily_score] 宏观分析: 风险=70% 仓位倍率=40% | 市场偏空，等待关键位确认，仓位需谨慎。 | 信号: ['fail', 'watch', 'watch', 'watch']
2026-06-24 05:06:54,257 [daily_score] 宏观分析: 风险=70% 仓位倍率=60% | 市场偏弱，等待关键位确认，建议减仓观望。 | 信号: ['fail', 'watch', 'watch', 'watch']
2026-06-24 05:07:25,363 [daily_score] AI 建议: ranging (置信度=80%) | 价格在均线下方，RSI中性，布林带窄，ATR低，震荡格局。
2026-06-24 05:09:16,956 [daily_score] AI 建议: ranging (置信度=80%) | 价格在均线附近，RSI中性，布林带窄，ATR低
2026-06-24 05:11:54,607 [daily_score] 宏观分析: 风险=70% 仓位倍率=60% | 市场偏弱，杠杆去化中，等待关键位确认，建议减仓观望。 | 信号: ['fail', 'watch', 'watch', 'watch']
2026-06-24 05:13:11,022 [daily_score] AI 建议: ranging (置信度=70%) | 价格在EMA20下方，RSI中性，布林带窄，ATR低，震荡格局
2026-06-24 05:13:14,321 [daily_score] AI 建议: ranging (置信度=80%) | 价格贴近EMA，RSI中性，布林带窄，ATR低，无明显趋势。
2026-06-24 05:15:03,335 [daily_score] AI 建议: ranging (置信度=70%) | 价格在EMA20与EMA60之间，RSI中性，布林带窄，ATR低。
2026-06-24 05:16:55,056 [daily_score] 宏观分析: 风险=65% 仓位倍率=50% | 市场偏弱，杠杆去化中，关注60k支撑和ETF流向。 | 信号: ['fail', 'watch', 'watch', 'watch']
2026-06-24 05:21:55,816 [daily_score] 宏观分析: 风险=70% 仓位倍率=60% | 市场偏弱，关注60k支撑和ETF流向，仓位谨慎。 | 信号: ['fail', 'watch', 'watch', 'watch']
2026-06-24 05:22:40,977 [daily_score] AI 建议: ranging (置信度=70%) | 价格围绕均线波动，RSI中性，布林带窄
2026-06-24 05:24:39,358 [daily_score] AI 建议: ranging (置信度=70%) | 价格接近均线，RSI中性，布林带窄，ATR低，震荡格局
2026-06-24 05:26:55,989 [daily_score] 宏观分析: 风险=70% 仓位倍率=60% | 市场偏弱，BTC接近支撑，山寨恐慌，等待关键位确认。 | 信号: ['fail', 'watch', 'watch', 'watch']
2026-06-24 05:28:19,286 [daily_score] AI 建议: ranging (置信度=70%) | 价格在EMA附近，布林带窄，RSI中性，无趋势信号。
2026-06-24 05:28:23,073 [daily_score] AI 建议: ranging (置信度=80%) | 价格在EMA附近，RSI中性，布林带窄，ATR低，震荡格局。
2026-06-24 05:30:26,277 [daily_score] AI 建议: ranging (置信度=80%) | 价格在EMA附近，布林带窄，RSI中性
2026-06-24 05:31:56,303 [daily_score] 宏观分析: 风险=70% 仓位倍率=60% | 市场偏弱，山寨恐慌，BTC关键位未收复，风险中等偏高，仓位需谨慎。 | 信号: ['fail', 'watch', 'watch', 'watch']
2026-06-24 05:36:58,096 [daily_score] 宏观分析: 风险=70% 仓位倍率=60% | 市场偏弱，杠杆未清，关注60k支撑与ETF流向。 | 信号: ['fail', 'watch', 'watch', 'watch']
2026-06-24 05:37:58,889 [daily_score] AI 建议: ranging (置信度=80%) | 价格在EMA20附近，RSI中性，布林带窄，ATR低，震荡格局。
2026-06-24 05:40:05,030 [daily_score] AI 建议: ranging (置信度=85%) | 价格在EMA下方但偏离小，布林带窄，RSI中性，ATR低，震荡格局
2026-06-24 05:41:57,677 [daily_score] 宏观分析: 风险=70% 仓位倍率=60% | 市场偏空，杠杆未清，ETF流出风险，等待60k支撑确认。 | 信号: ['fail', 'watch', 'watch', 'watch']
2026-06-24 05:43:28,611 [daily_score] AI 建议: ranging (置信度=80%) | 价格在EMA20与EMA60之间，RSI中性，布林带窄幅，ATR低
2026-06-24 05:43:32,652 [daily_score] AI 建议: ranging (置信度=70%) | 价格低于均线，布林带窄，RSI中性，震荡格局
2026-06-24 05:45:51,042 [daily_score] AI 建议: ranging (置信度=70%) | 价格在均线附近，布林带窄，RSI中性
2026-06-24 05:46:59,198 [daily_score] 宏观分析: 风险=70% 仓位倍率=60% | 市场偏弱，杠杆去化中，关注60k支撑和ETF流向。 | 信号: ['fail', 'watch', 'watch', 'watch']
2026-06-24 05:51:59,311 [daily_score] 宏观分析: 风险=70% 仓位倍率=60% | 市场偏空，山寨恐慌，等待60k支撑确认和ETF流出停止。 | 信号: ['fail', 'watch', 'watch', 'watch']
2026-06-24 05:53:15,407 [daily_score] AI 建议: ranging (置信度=80%) | 价格在EMA20附近，RSI中性，布林带窄，ATR低，震荡格局
2026-06-24 05:55:27,261 [daily_score] AI 建议: ranging (置信度=75%) | 价格围绕EMA20波动，布林带窄，RSI中性，ATR低
2026-06-24 05:57:00,358 [daily_score] 宏观分析: 风险=70% 仓位倍率=60% | 市场偏弱，杠杆去化中，等待关键位确认。 | 信号: ['fail', 'watch', 'watch', 'watch']
2026-06-24 05:58:38,334 [daily_score] AI 建议: ranging (置信度=70%) | 价格在均线附近，布林带窄，RSI中性，波动小
2026-06-24 05:58:41,987 [daily_score] AI 建议: ranging (置信度=75%) | 价格在EMA20与EMA60之间，RSI中性，布林带窄，ATR低，无趋势信号。
2026-06-24 06:01:16,120 [daily_score] AI 建议: ranging (置信度=70%) | 价格在EMA20与EMA60之间，RSI中性，布林带窄，ATR低
2026-06-24 06:01:40,371 [daily_score] === 量化机器人启动，交易对: ['TRX', 'ETH', 'SOL', 'TRX_SWAP', 'ETH_SWAP', 'SOL_SWAP'] ===
2026-06-24 06:01:40,383 [daily_score] 📊 模拟盘模式 — 跳过 TOTAL_CAPITAL 一致性检查
2026-06-24 06:01:40,385 [daily_score] 已启动 TRX 线程（模式=spot）
2026-06-24 06:01:42,388 [daily_score] 已启动 ETH 线程（模式=spot）
2026-06-24 06:01:44,399 [daily_score] 已启动 SOL 线程（模式=spot）
2026-06-24 06:01:44,843 [daily_score] AI 建议: ranging (置信度=70%) | 价格在EMA20附近，RSI中性，布林带窄，ATR低
2026-06-24 06:01:45,030 [daily_score] [TRX] 波动自适: ATR%=0.086% vol_ratio=0.1x → 宽度×0.40(1.600%) 档位×2.50(22)
2026-06-24 06:01:46,500 [daily_score] 已启动 TRX_SWAP 线程（模式=futures）
2026-06-24 06:01:46,508 [daily_score] AI 建议: ranging (置信度=80%) | 价格贴近EMA，布林带窄，RSI中性，ATR低
2026-06-24 06:01:46,619 [daily_score] [ETH] 波动自适: ATR%=0.325% vol_ratio=0.2x → 宽度×0.40(6.480%) 档位×2.50(5)
2026-06-24 06:01:46,630 [daily_score] 网格间距: 1.3394%，区间: 1616.91282 ~ 1725.19718
2026-06-24 06:01:46,639 [daily_score] 网格价位: [np.float64(1616.912818), np.float64(1638.569691), np.float64(1660.226564), np.float64(1681.883436), np.float64(1703.540309), np.float64(1725.197182)]
2026-06-24 06:01:46,639 [daily_score] 启动网格，当前价格: 1667.01 区间: 1616.91282~1725.19718
2026-06-24 06:01:46,967 [daily_score] 挂单 buy 1.1132 @ 1616.912818
2026-06-24 06:01:47,160 [daily_score] 挂单 buy 1.0985 @ 1638.569691
2026-06-24 06:01:47,338 [daily_score] 挂单 buy 1.0841 @ 1660.226564
2026-06-24 06:01:47,338 [daily_score] [网格] 启动成功: 买3挂单 (区间 1616.91~1725.20，仓位上限正常)
2026-06-24 06:01:47,339 [daily_score] 撤销网格所有挂单...
2026-06-24 06:01:47,504 [daily_score] 已撤单 @ 1616.912818
2026-06-24 06:01:47,694 [daily_score] 已撤单 @ 1638.569691
2026-06-24 06:01:47,877 [daily_score] 已撤单 @ 1660.226564
2026-06-24 06:01:47,890 [daily_score] [ETH] 波动自适: ATR%=0.325% vol_ratio=0.2x → 宽度×0.40(6.480%) 档位×2.50(5)
2026-06-24 06:01:47,892 [daily_score] 网格间距: 1.3394%，区间: 1616.91282 ~ 1725.19718
2026-06-24 06:01:47,896 [daily_score] 网格价位: [np.float64(1616.912818), np.float64(1638.569691), np.float64(1660.226564), np.float64(1681.883436), np.float64(1703.540309), np.float64(1725.197182)]
2026-06-24 06:01:47,896 [daily_score] 启动网格，当前价格: 1667.01 区间: 1616.91282~1725.19718
2026-06-24 06:01:48,007 [daily_score] AI 建议: ranging (置信度=70%) | 价格在EMA20与EMA60之间，布林带窄，RSI中性
2026-06-24 06:01:48,009 [daily_score] [SOL] 波动自适: ATR%=0.471% vol_ratio=0.2x → 宽度×0.40(1.840%) 档位×2.50(10)
2026-06-24 06:01:48,300 [daily_score] 挂单 buy 1.2369 @ 1616.912818
2026-06-24 06:01:48,416 [daily_score] 挂单 buy 1.2205 @ 1638.569691
2026-06-24 06:01:48,507 [daily_score] 已启动 ETH_SWAP 线程（模式=futures）
2026-06-24 06:01:48,536 [daily_score] 挂单 buy 1.2046 @ 1660.226564
2026-06-24 06:01:48,536 [daily_score] [网格] 启动成功: 买3挂单 (区间 1616.91~1725.20，仓位上限正常)
2026-06-24 06:01:50,509 [daily_score] 已启动 SOL_SWAP 线程（模式=futures）
2026-06-24 06:01:51,244 [daily_score] AI 建议: ranging (置信度=70%) | 价格贴近EMA，RSI中性，布林带窄，ATR低
2026-06-24 06:01:53,352 [daily_score] AI 建议: ranging (置信度=75%) | 价格在EMA20与EMA60之间，RSI中性，布林带窄
2026-06-24 06:01:56,980 [daily_score] 宏观分析: 风险=60% 仓位倍率=50% | 市场偏弱，观望为主，等待关键位确认。 | 信号: ['fail', 'watch', 'watch', 'watch']
2026-06-24 06:06:57,508 [daily_score] 宏观分析: 风险=70% 仓位倍率=60% | 市场偏弱，杠杆健康但情绪恐慌，等待关键位确认。 | 信号: ['fail', 'watch', 'watch', 'watch']
2026-06-24 06:11:57,852 [daily_score] 宏观分析: 风险=60% 仓位倍率=50% | 市场偏空，杠杆健康但多头承压，等待关键位确认。 | 信号: ['fail', 'watch', 'watch', 'watch']
2026-06-24 06:16:58,719 [daily_score] 宏观分析: 风险=70% 仓位倍率=40% | 市场偏弱，关键位未收复，建议减仓观望。 | 信号: ['fail', 'watch', 'watch', 'watch']
2026-06-24 06:17:00,700 [daily_score] AI 建议: ranging (置信度=75%) | 价格在EMA下方，RSI中性，布林带窄，ATR低，震荡格局。
2026-06-24 06:17:03,824 [daily_score] AI 建议: ranging (置信度=75%) | 价格在EMA20与EMA60间波动，RSI中性，布林带窄幅
2026-06-24 06:17:04,964 [daily_score] AI 建议: ranging (置信度=80%) | 价格贴近EMA20，RSI中性，布林带窄，ATR低，无明确趋势。
2026-06-24 06:17:11,754 [daily_score] AI 建议: ranging (置信度=80%) | 价格在EMA下方，RSI中性，布林带窄，ATR低，震荡格局
2026-06-24 06:22:01,068 [daily_score] 宏观分析: 风险=65% 仓位倍率=50% | 市场偏弱，杠杆去化中，关注60k支撑和ETF流向。 | 信号: ['fail', 'watch', 'watch', 'watch']
2026-06-24 06:26:59,329 [daily_score] 宏观分析: 风险=70% 仓位倍率=60% | 市场偏弱，山寨恐慌，BTC关键位未收复，风险中等偏高，建议减仓观望。 | 信号: ['fail', 'watch', 'watch', 'watch']
2026-06-24 06:31:55,750 [daily_score] AI 建议: ranging (置信度=70%) | 价格接近布林中轨，RSI中性，波动率低
2026-06-24 06:31:59,663 [daily_score] 宏观分析: 风险=70% 仓位倍率=60% | 市场偏弱，杠杆健康但情绪恐慌，等待关键位确认。 | 信号: ['fail', 'watch', 'watch', 'watch']
2026-06-24 06:32:11,212 [daily_score] AI 建议: ranging (置信度=70%) | 价格低于EMA，RSI偏低，布林带窄，震荡格局
2026-06-24 06:32:17,598 [daily_score] AI 建议: ranging (置信度=70%) | 价格在均线附近，RSI低于30但布林带窄，ATR低，震荡格局。
2026-06-24 06:32:20,760 [daily_score] AI 建议: ranging (置信度=75%) | 价格在EMA20与EMA60之间，RSI中性，布林带窄，ATR低。
2026-06-24 06:32:35,614 [daily_score] AI 建议: ranging (置信度=80%) | 价格在均线附近，布林带窄，RSI中性，无趋势信号。
2026-06-24 06:37:00,233 [daily_score] 宏观分析: 风险=70% 仓位倍率=50% | 市场偏弱，杠杆健康但情绪谨慎，关注60k支撑和ETF流向。 | 信号: ['fail', 'watch', 'watch', 'watch']
2026-06-24 06:42:00,905 [daily_score] 宏观分析: 风险=70% 仓位倍率=60% | 市场偏弱，杠杆去化中，等待关键位确认。 | 信号: ['fail', 'watch', 'watch', 'watch']
2026-06-24 06:47:01,394 [daily_score] 宏观分析: 风险=70% 仓位倍率=60% | 市场偏弱，资金避险BTC，等待关键位确认，仓位控制。 | 信号: ['fail', 'watch', 'watch', 'watch']
2026-06-24 06:47:03,698 [daily_score] AI 建议: ranging (置信度=70%) | 价格在均线附近，RSI中性，布林带窄
2026-06-24 06:47:19,545 [daily_score] AI 建议: ranging (置信度=70%) | 价格在EMA下方，RSI中性，布林带窄，ATR低，震荡格局
2026-06-24 06:47:29,832 [daily_score] AI 建议: ranging (置信度=70%) | 价格在均线附近，布林带窄，RSI中性偏弱
2026-06-24 06:47:35,592 [daily_score] AI 建议: ranging (置信度=70%) | 价格贴近EMA20，RSI中性，布林带窄，ATR低
2026-06-24 06:47:56,702 [daily_score] AI 建议: ranging (置信度=70%) | 价格在均线下方，RSI中性偏弱，布林带窄，ATR低，震荡格局
2026-06-24 06:52:02,156 [daily_score] 宏观分析: 风险=70% 仓位倍率=60% | 市场偏空，杠杆健康但多头压力大，等待关键位确认。 | 信号: ['fail', 'watch', 'watch', 'watch']
2026-06-24 06:57:03,186 [daily_score] 宏观分析: 风险=65% 仓位倍率=50% | 市场偏弱，等待关键位确认，建议半仓观望。 | 信号: ['fail', 'watch', 'watch', 'watch']
2026-06-24 07:02:03,481 [daily_score] 宏观分析: 风险=70% 仓位倍率=60% | 市场偏弱，杠杆健康但多头承压，等待关键位确认。 | 信号: ['fail', 'watch', 'watch', 'watch']
2026-06-24 07:02:13,017 [daily_score] AI 建议: ranging (置信度=75%) | 价格贴近EMA，布林带窄，RSI中性，无趋势信号
2026-06-24 07:02:29,373 [daily_score] AI 建议: ranging (置信度=70%) | 价格在布林带内，RSI中性，EMA偏离小，ATR低
2026-06-24 07:02:42,318 [daily_score] AI 建议: ranging (置信度=80%) | 价格接近EMA，布林带窄，RSI中性，ATR低
2026-06-24 07:02:51,221 [daily_score] AI 建议: ranging (置信度=75%) | 价格在EMA20与EMA60之间，RSI中性，布林带窄，ATR低
2026-06-24 07:03:18,848 [daily_score] AI 建议: ranging (置信度=70%) | 价格在均线附近，布林带窄，RSI中性，无趋势信号。
2026-06-24 07:07:03,900 [daily_score] 宏观分析: 风险=70% 仓位倍率=40% | 市场偏弱，杠杆去化中，等待关键位确认，建议轻仓观望。 | 信号: ['fail', 'watch', 'watch', 'watch']
2026-06-24 07:12:04,867 [daily_score] 宏观分析: 风险=70% 仓位倍率=60% | 市场偏空，杠杆去化中，等待关键位确认。 | 信号: ['fail', 'watch', 'watch', 'watch']
2026-06-24 07:17:05,531 [daily_score] 宏观分析: 风险=65% 仓位倍率=50% | 市场偏弱，等待关键位突破，建议半仓观望。 | 信号: ['fail', 'watch', 'watch', 'watch']
2026-06-24 07:17:23,072 [daily_score] AI 建议: ranging (置信度=80%) | 价格贴近EMA，布林带窄，RSI中性，规则引擎判定震荡
2026-06-24 07:17:38,320 [daily_score] AI 建议: ranging (置信度=70%) | 价格在EMA20和EMA60附近，RSI中性，布林带窄，ATR低，震荡格局。
2026-06-24 07:17:56,399 [daily_score] AI 建议: ranging (置信度=70%) | 价格紧贴均线，布林带窄，RSI中性，ATR低
2026-06-24 07:18:07,222 [daily_score] AI 建议: ranging (置信度=85%) | 价格在EMA20/60间窄幅震荡，RSI中性，布林带窄
2026-06-24 07:18:40,405 [daily_score] AI 建议: ranging (置信度=70%) | 价格在EMA附近，布林带窄，RSI中性
2026-06-24 07:22:06,546 [daily_score] 宏观分析: 风险=70% 仓位倍率=60% | 市场偏弱，杠杆健康但多头承压，关注60k支撑和ETF流向。 | 信号: ['fail', 'watch', 'watch', 'watch']
2026-06-24 07:27:06,929 [daily_score] 宏观分析: 风险=60% 仓位倍率=50% | 市场偏弱，等待关键位确认，谨慎观望。 | 信号: ['fail', 'watch', 'watch', 'watch']
2026-06-24 07:32:06,171 [daily_score] 宏观分析: 风险=65% 仓位倍率=50% | 市场偏弱，BTC关键位未收复，山寨恐慌，建议半仓观望。 | 信号: ['fail', 'watch', 'watch', 'watch']
2026-06-24 07:32:34,308 [daily_score] AI 建议: ranging (置信度=80%) | 价格在EMA附近，布林带窄，RSI中性，符合震荡特征。
2026-06-24 07:32:48,882 [daily_score] AI 建议: ranging (置信度=70%) | 价格围绕均线波动，RSI中性，布林带窄，ATR低
2026-06-24 07:33:15,380 [daily_score] AI 建议: ranging (置信度=70%) | 价格在EMA附近，RSI中性，布林带窄，ATR低，符合震荡特征。
2026-06-24 07:33:25,250 [daily_score] AI 建议: ranging (置信度=80%) | 价格在EMA20与EMA60之间，RSI中性，布林带窄，ATR低
2026-06-24 07:34:09,082 [daily_score] AI 建议: ranging (置信度=75%) | 价格在EMA附近，布林带窄，RSI中性，无明确趋势。
2026-06-24 07:37:07,421 [daily_score] 宏观分析: 风险=70% 仓位倍率=60% | 市场偏弱，杠杆健康但多头承压，山寨恐慌，关注60k支撑和ETF数据。 | 信号: ['fail', 'watch', 'watch', 'watch']
2026-06-24 07:42:07,343 [daily_score] 宏观分析: 风险=70% 仓位倍率=60% | 市场偏弱，杠杆健康但情绪恐慌，关注60k支撑和ETF流向。 | 信号: ['fail', 'watch', 'watch', 'watch']
2026-06-24 07:47:08,983 [daily_score] 宏观分析: 风险=60% 仓位倍率=50% | 市场偏弱，杠杆健康但多头承压，等待关键位确认。 | 信号: ['fail', 'watch', 'watch', 'watch']
2026-06-24 07:47:42,883 [daily_score] AI 建议: ranging (置信度=70%) | 价格在EMA附近，布林带窄，RSI中性，ATR低
2026-06-24 07:47:56,933 [daily_score] AI 建议: ranging (置信度=80%) | 价格贴近EMA，布林带窄，RSI中性，规则引擎判定震荡
2026-06-24 07:48:30,662 [daily_score] AI 建议: ranging (置信度=70%) | 价格在EMA附近，布林带窄，RSI中性
2026-06-24 07:48:41,385 [daily_score] AI 建议: ranging (置信度=80%) | 价格紧贴EMA20，布林带窄，RSI中性，无趋势信号。
2026-06-24 07:49:34,079 [daily_score] AI 建议: ranging (置信度=70%) | 价格在均线附近，布林带窄，RSI中性，无趋势信号
2026-06-24 07:52:09,245 [daily_score] 宏观分析: 风险=65% 仓位倍率=50% | 市场偏弱，等待关键位确认，建议半仓观望。 | 信号: ['fail', 'watch', 'watch', 'watch']
2026-06-24 07:57:09,816 [daily_score] 宏观分析: 风险=70% 仓位倍率=60% | 市场偏弱，杠杆健康但情绪恐慌，等待关键位确认。 | 信号: ['fail', 'watch', 'watch', 'watch']
2026-06-24 08:02:11,126 [daily_score] 宏观分析: 风险=65% 仓位倍率=50% | 市场偏弱，关键位未收复，等待信号确认，建议半仓观望。 | 信号: ['fail', 'watch', 'watch', 'watch']
2026-06-24 08:02:51,130 [daily_score] AI 建议: ranging (置信度=75%) | 价格围绕均线震荡，布林带窄，RSI中性，ATR低
2026-06-24 08:03:07,289 [daily_score] AI 建议: ranging (置信度=70%) | 价格在EMA附近，RSI中性，布林带窄，ATR低
2026-06-24 08:03:45,959 [daily_score] AI 建议: ranging (置信度=80%) | 价格在EMA上下波动，RSI中性，布林带窄，ATR低，无明显趋势。
2026-06-24 08:03:57,479 [daily_score] AI 建议: ranging (置信度=80%) | 价格贴近EMA，布林带窄，RSI中性，无趋势信号。
2026-06-24 08:04:56,616 [daily_score] AI 建议: ranging (置信度=80%) | 价格紧贴均线，布林带窄，RSI中性，ATR低，震荡格局
2026-06-24 08:07:11,681 [daily_score] 宏观分析: 风险=70% 仓位倍率=60% | 市场偏弱，杠杆去化中，关注60k支撑和ETF流向。 | 信号: ['fail', 'watch', 'watch', 'watch']
2026-06-24 08:12:11,329 [daily_score] 宏观分析: 风险=60% 仓位倍率=50% | 市场偏弱，杠杆健康但多头承压，等待关键位确认。 | 信号: ['fail', 'watch', 'watch', 'watch']
2026-06-24 08:17:12,101 [daily_score] 宏观分析: 风险=65% 仓位倍率=50% | 市场偏弱，杠杆健康但多头承压，关注60k支撑和ETF流向。 | 信号: ['fail', 'watch', 'watch', 'watch']
2026-06-24 08:18:01,926 [daily_score] AI 建议: ranging (置信度=75%) | 价格在EMA20上方但偏离小，布林带窄，RSI中性，规则引擎判定震荡。
2026-06-24 08:18:17,457 [daily_score] AI 建议: ranging (置信度=70%) | 价格在EMA附近，布林带窄，RSI中性，ATR低
2026-06-24 08:19:03,203 [daily_score] AI 建议: ranging (置信度=75%) | 价格在EMA上下波动，RSI中性，布林带窄，ATR低
2026-06-24 08:19:16,465 [daily_score] AI 建议: ranging (置信度=75%) | 价格贴近EMA，RSI中性，布林带窄，波动小
2026-06-24 08:20:21,583 [daily_score] AI 建议: ranging (置信度=80%) | 价格紧贴均线，布林带窄，RSI中性，ATR低
2026-06-24 08:22:12,390 [daily_score] 宏观分析: 风险=60% 仓位倍率=50% | 市场震荡偏弱，关键位未收复，建议半仓观望。 | 信号: ['fail', 'watch', 'watch', 'watch']
2026-06-24 08:27:13,008 [daily_score] 宏观分析: 风险=60% 仓位倍率=50% | 市场震荡偏弱，关键位未收复，风险中等，建议半仓观望。 | 信号: ['fail', 'watch', 'watch', 'watch']
2026-06-24 08:32:12,460 [daily_score] 宏观分析: 风险=60% 仓位倍率=50% | 市场偏弱，等待关键位突破，建议半仓观望。 | 信号: ['fail', 'watch', 'watch', 'watch']
2026-06-24 08:33:12,332 [daily_score] AI 建议: ranging (置信度=80%) | 价格在EMA20上方但偏离小，布林带窄，RSI中性，规则引擎判定震荡。
2026-06-24 08:33:27,736 [daily_score] AI 建议: ranging (置信度=80%) | 价格在EMA附近，RSI中性，布林带窄，ATR低
2026-06-24 08:34:18,694 [daily_score] AI 建议: ranging (置信度=75%) | 价格在均线上方但偏离小，布林带窄，RSI中性，规则引擎判定震荡。
2026-06-24 08:34:31,638 [daily_score] AI 建议: ranging (置信度=80%) | 价格在EMA附近，RSI中性，布林带窄，ATR小
2026-06-24 08:35:44,866 [daily_score] AI 建议: ranging (置信度=85%) | RSI偏高但布林带窄，价格贴近EMA，震荡格局
2026-06-24 08:37:11,961 [daily_score] 宏观分析: 风险=60% 仓位倍率=50% | 市场偏弱，等待关键位突破，建议半仓观望。 | 信号: ['fail', 'watch', 'watch', 'watch']
2026-06-24 08:42:13,595 [daily_score] 宏观分析: 风险=55% 仓位倍率=50% | 市场中性偏弱，等待关键位突破，仓位控制半仓。 | 信号: ['fail', 'watch', 'watch', 'watch']
2026-06-24 08:47:13,244 [daily_score] 宏观分析: 风险=70% 仓位倍率=60% | 市场偏弱，风险中等，等待关键位确认。 | 信号: ['fail', 'watch', 'watch', 'watch']
2026-06-24 08:48:21,320 [daily_score] AI 建议: ranging (置信度=70%) | 价格紧贴EMA，布林带窄，RSI中性，震荡格局。
2026-06-24 08:48:36,417 [daily_score] AI 建议: ranging (置信度=75%) | 价格紧贴EMA20，布林带窄，RSI中性，无趋势信号。
2026-06-24 08:49:33,029 [daily_score] AI 建议: ranging (置信度=75%) | 价格紧贴EMA20，布林带窄，RSI中性，无明显趋势。
2026-06-24 08:49:46,942 [daily_score] AI 建议: ranging (置信度=85%) | 价格低于均线，RSI偏低，布林带窄，ATR小，震荡格局
2026-06-24 08:51:11,628 [daily_score] AI 建议: ranging (置信度=80%) | RSI偏高但布林带窄，价格紧贴均线，震荡为主。
2026-06-24 08:52:14,650 [daily_score] 宏观分析: 风险=60% 仓位倍率=50% | 市场偏弱，杠杆中性，资金流向BTC，等待关键位确认。 | 信号: ['fail', 'watch', 'watch', 'watch']
2026-06-24 08:57:14,967 [daily_score] 宏观分析: 风险=70% 仓位倍率=60% | 市场偏弱，杠杆健康但多头承压，等待关键位确认。 | 信号: ['fail', 'watch', 'watch', 'watch']
2026-06-24 09:02:15,098 [daily_score] 宏观分析: 风险=65% 仓位倍率=50% | 市场偏弱，等待关键位确认，仓位减半。 | 信号: ['fail', 'watch', 'watch', 'watch']
2026-06-24 09:03:31,251 [daily_score] AI 建议: ranging (置信度=75%) | 价格贴近EMA20，布林带窄，RSI中性，ATR低
2026-06-24 09:03:45,207 [daily_score] AI 建议: ranging (置信度=75%) | 价格在EMA20上方但偏离小，布林带窄，RSI中性，规则引擎判定震荡。
2026-06-24 09:04:47,433 [daily_score] AI 建议: ranging (置信度=70%) | 价格紧贴EMA20，布林带窄，RSI中性，无明显趋势。
2026-06-24 09:05:04,888 [daily_score] AI 建议: ranging (置信度=80%) | 价格在EMA下方但偏离小，RSI中性，布林带窄，ATR低，震荡格局。
2026-06-24 09:06:37,125 [daily_score] AI 建议: ranging (置信度=80%) | 价格在EMA附近，布林带窄，RSI中性偏强，无明确趋势。
2026-06-24 09:07:15,084 [daily_score] 宏观分析: 风险=70% 仓位倍率=60% | 市场偏弱，杠杆去化中，关注60k支撑和ETF流向。 | 信号: ['fail', 'watch', 'watch', 'watch']
2026-06-24 09:12:15,329 [daily_score] 宏观分析: 风险=70% 仓位倍率=60% | 市场偏弱，杠杆健康但多头承压，等待关键位确认。 | 信号: ['fail', 'watch', 'watch', 'watch']
2026-06-24 09:17:15,814 [daily_score] 宏观分析: 风险=70% 仓位倍率=60% | 市场偏弱，等待关键位确认，建议减仓观望。 | 信号: ['fail', 'watch', 'watch', 'watch']
2026-06-24 09:18:41,155 [daily_score] AI 建议: ranging (置信度=70%) | 价格贴近EMA20，RSI中性，布林带窄，ATR低，震荡格局
2026-06-24 09:18:54,106 [daily_score] AI 建议: ranging (置信度=70%) | 价格在EMA附近，布林带窄，RSI中性，无趋势
2026-06-24 09:20:01,028 [daily_score] AI 建议: ranging (置信度=70%) | 价格贴近EMA，布林带窄，RSI中性，无明显趋势。
2026-06-24 09:20:22,697 [daily_score] AI 建议: ranging (置信度=85%) | 价格紧贴EMA20，布林带窄，RSI中性，无趋势信号。
2026-06-24 09:22:00,612 [daily_score] AI 建议: ranging (置信度=70%) | 价格在布林带内波动，RSI中性偏高，ATR较小，无明显趋势。
2026-06-24 09:22:17,710 [daily_score] 宏观分析: 风险=65% 仓位倍率=50% | 市场偏弱，BTC失守关键位，山寨恐慌，等待60k支撑和ETF信号。 | 信号: ['fail', 'watch', 'watch', 'watch']
2026-06-24 09:27:16,523 [daily_score] 宏观分析: 风险=70% 仓位倍率=60% | 市场偏弱，杠杆健康但多头承压，关注60k支撑和ETF流向。 | 信号: ['fail', 'watch', 'watch', 'watch']
2026-06-24 09:32:17,759 [daily_score] 宏观分析: 风险=70% 仓位倍率=60% | 市场偏弱，杠杆健康但多头承压，等待关键位确认。 | 信号: ['fail', 'watch', 'watch', 'watch']
2026-06-24 09:33:50,284 [daily_score] AI 建议: ranging (置信度=70%) | 价格在均线间波动，RSI中性，布林带窄
2026-06-24 09:34:04,823 [daily_score] AI 建议: ranging (置信度=70%) | 价格紧贴EMA20，布林带窄，RSI中性，无趋势信号
2026-06-24 09:35:16,216 [daily_score] AI 建议: ranging (置信度=70%) | 价格在EMA20与EMA60之间，RSI中性，布林带窄
2026-06-24 09:35:39,906 [daily_score] AI 建议: ranging (置信度=85%) | 价格贴近EMA20，RSI中性，布林带窄，ATR低，无明显趋势。
2026-06-24 09:37:17,341 [daily_score] 宏观分析: 风险=70% 仓位倍率=60% | 市场偏弱，杠杆去化中，关注60k支撑和ETF流向。 | 信号: ['fail', 'watch', 'watch', 'watch']
2026-06-24 09:37:27,885 [daily_score] AI 建议: ranging (置信度=75%) | 价格紧贴EMA，布林带窄，RSI中性，无明显趋势。
2026-06-24 09:42:19,075 [daily_score] 宏观分析: 风险=60% 仓位倍率=50% | 市场偏弱，杠杆去化中，等待关键位确认。 | 信号: ['fail', 'watch', 'watch', 'watch']
2026-06-24 09:47:18,764 [daily_score] 宏观分析: 风险=60% 仓位倍率=50% | 市场偏弱，等待关键位突破，建议轻仓观望。 | 信号: ['fail', 'watch', 'watch', 'watch']
2026-06-24 09:49:01,645 [daily_score] AI 建议: ranging (置信度=70%) | 价格在EMA20与EMA60之间，RSI中性，布林带窄，ATR低
2026-06-24 09:49:14,743 [daily_score] AI 建议: ranging (置信度=70%) | 价格紧贴EMA20，布林带窄，RSI中性，震荡格局
2026-06-24 09:50:33,049 [daily_score] AI 建议: ranging (置信度=70%) | 价格在EMA20与EMA60间，RSI中性，布林带窄，ATR低
2026-06-24 09:50:58,560 [daily_score] AI 建议: ranging (置信度=75%) | 价格在EMA下方，RSI中性，布林带窄，ATR低，震荡格局。
2026-06-24 09:52:19,374 [daily_score] 宏观分析: 风险=70% 仓位倍率=60% | 市场偏弱，杠杆健康但多头承压，等待信号确认方向。 | 信号: ['fail', 'watch', 'watch', 'watch']
2026-06-24 09:52:52,764 [daily_score] AI 建议: ranging (置信度=75%) | 布林带窄，RSI中性，价格贴近EMA，无趋势信号
2026-06-24 09:57:19,345 [daily_score] 宏观分析: 风险=60% 仓位倍率=50% | 市场偏弱，关键位未收复，建议半仓观望。 | 信号: ['fail', 'watch', 'watch', 'watch']
2026-06-24 10:02:19,821 [daily_score] 宏观分析: 风险=60% 仓位倍率=50% | 市场偏弱，关注60k支撑和ETF流向。 | 信号: ['fail', 'watch', 'watch', 'watch']
2026-06-24 10:04:15,461 [daily_score] AI 建议: ranging (置信度=75%) | 价格在EMA20与EMA60之间，布林带窄，RSI中性
2026-06-24 10:04:23,213 [daily_score] AI 建议: ranging (置信度=70%) | RSI偏高但布林带窄，EMA偏离小，震荡格局
2026-06-24 10:05:50,520 [daily_score] AI 建议: ranging (置信度=70%) | 价格在EMA20与EMA60之间，RSI中性，布林带窄，ATR低。
2026-06-24 10:06:20,059 [daily_score] AI 建议: ranging (置信度=80%) | 价格贴近EMA20，布林带窄，RSI中性，无明显趋势。
2026-06-24 10:07:20,262 [daily_score] 宏观分析: 风险=60% 仓位倍率=50% | 市场震荡偏弱，等待方向选择，建议半仓观望。 | 信号: ['fail', 'watch', 'watch', 'watch']
2026-06-24 10:08:19,870 [daily_score] AI 建议: ranging (置信度=80%) | 价格紧贴EMA，布林带窄，RSI中性，符合震荡特征
2026-06-24 10:12:20,230 [daily_score] 宏观分析: 风险=65% 仓位倍率=50% | 市场偏弱，多头压力大，等待关键位确认。 | 信号: ['fail', 'watch', 'watch', 'watch']
2026-06-24 10:17:21,918 [daily_score] 宏观分析: 风险=60% 仓位倍率=50% | 市场中性偏弱，等待关键位突破，建议半仓观望。 | 信号: ['fail', 'watch', 'watch', 'watch']
2026-06-24 10:19:24,932 [daily_score] AI 建议: ranging (置信度=70%) | 价格在EMA20与EMA60间，RSI中性，布林带窄，ATR低
2026-06-24 10:19:32,017 [daily_score] AI 建议: ranging (置信度=80%) | 价格紧贴EMA20，布林带窄，RSI中性，无趋势信号
2026-06-24 10:21:05,448 [daily_score] AI 建议: ranging (置信度=80%) | 价格在EMA附近，RSI中性，布林带窄，ATR低
2026-06-24 10:21:38,330 [daily_score] AI 建议: ranging (置信度=80%) | 价格紧贴EMA20，RSI中性，布林带窄，ATR低，震荡格局
2026-06-24 10:22:23,082 [daily_score] 宏观分析: 风险=60% 仓位倍率=50% | 市场震荡偏弱，等待关键位突破，仓位控制。 | 信号: ['fail', 'watch', 'watch', 'watch']
2026-06-24 10:23:46,223 [daily_score] AI 建议: ranging (置信度=70%) | 价格贴近EMA20，布林带窄，RSI中性，ATR低
2026-06-24 10:27:24,811 [daily_score] 宏观分析: 风险=55% 仓位倍率=50% | 市场震荡偏弱，关键位未收复，等待信号确认。 | 信号: ['fail', 'watch', 'watch', 'watch']
2026-06-24 10:32:24,738 [daily_score] 宏观分析: 风险=60% 仓位倍率=50% | 市场震荡，杠杆中性，关键位未收复，建议半仓观望。 | 信号: ['fail', 'watch', 'watch', 'watch']
2026-06-24 10:34:35,370 [daily_score] AI 建议: ranging (置信度=75%) | 价格在EMA20下方，RSI中性，布林带窄，ATR低，震荡格局
2026-06-24 10:34:42,921 [daily_score] AI 建议: ranging (置信度=80%) | 价格贴近EMA20，RSI中性，布林带窄，ATR低，震荡格局
2026-06-24 10:36:22,409 [daily_score] AI 建议: ranging (置信度=70%) | 价格在EMA20与EMA60之间，RSI中性，布林带窄，ATR低
2026-06-24 10:36:58,092 [daily_score] AI 建议: ranging (置信度=85%) | 价格在EMA20与EMA60之间，RSI中性，布林带窄，ATR低，符合震荡特征。
2026-06-24 10:37:24,752 [daily_score] 宏观分析: 风险=60% 仓位倍率=50% | 市场震荡，风险中等，等待关键位突破或ETF信号。 | 信号: ['fail', 'watch', 'watch', 'watch']
2026-06-24 10:39:11,647 [daily_score] AI 建议: ranging (置信度=80%) | 价格在EMA20附近，布林带窄，RSI中性，规则引擎判定震荡
2026-06-24 10:42:26,018 [daily_score] 宏观分析: 风险=60% 仓位倍率=50% | 市场震荡偏弱，关键位未收复，等待信号确认。 | 信号: ['fail', 'watch', 'watch', 'watch']
2026-06-24 10:47:26,283 [daily_score] 宏观分析: 风险=60% 仓位倍率=50% | 市场震荡偏弱，关键位未收复，风险中等，建议半仓观望。 | 信号: ['fail', 'watch', 'watch', 'watch']
2026-06-24 10:49:46,010 [daily_score] AI 建议: ranging (置信度=70%) | 价格在EMA20与EMA60之间，布林带窄，RSI中性
2026-06-24 10:49:53,114 [daily_score] AI 建议: ranging (置信度=80%) | 价格在EMA附近，RSI中性，布林带窄，ATR低，无明显趋势。
2026-06-24 10:51:36,011 [daily_score] AI 建议: ranging (置信度=70%) | 价格在均线附近，RSI中性，布林带窄，ATR低
2026-06-24 10:52:16,199 [daily_score] AI 建议: ranging (置信度=80%) | 价格在均线附近，RSI偏高但布林带窄，ATR低，震荡格局。
2026-06-24 10:52:26,799 [daily_score] 宏观分析: 风险=60% 仓位倍率=50% | 市场偏弱，关键位未收复，等待信号确认。 | 信号: ['fail', 'watch', 'watch', 'watch']
2026-06-24 10:54:33,412 [daily_score] AI 建议: ranging (置信度=70%) | 价格接近EMA，布林带窄，RSI中性，ATR低
2026-06-24 10:57:27,031 [daily_score] 宏观分析: 风险=60% 仓位倍率=50% | 市场震荡，杠杆中性，关键位未收复，风险中等，仓位半仓。 | 信号: ['fail', 'watch', 'watch', 'watch']
2026-06-24 11:02:27,887 [daily_score] 宏观分析: 风险=60% 仓位倍率=50% | 市场震荡偏弱，等待关键位突破，建议半仓观望。 | 信号: ['fail', 'watch', 'watch', 'watch']
2026-06-24 11:04:54,381 [daily_score] AI 建议: ranging (置信度=80%) | 价格在EMA20与EMA60之间，布林带窄，RSI超卖但未确认趋势
2026-06-24 11:05:02,705 [daily_score] AI 建议: ranging (置信度=70%) | 价格接近EMA20，RSI中性，布林带窄，ATR低，震荡格局。
2026-06-24 11:06:49,465 [daily_score] AI 建议: ranging (置信度=85%) | 价格在均线间波动，布林带收窄，RSI偏低但未超卖
2026-06-24 11:07:28,338 [daily_score] 宏观分析: 风险=60% 仓位倍率=50% | 市场震荡偏弱，关键位未收复，需观察60k支撑和ETF流向。 | 信号: ['fail', 'watch', 'watch', 'watch']
2026-06-24 11:07:32,647 [daily_score] AI 建议: ranging (置信度=75%) | EMA粘合，布林带窄，RSI中性偏强，无明确趋势。
2026-06-24 11:09:55,756 [daily_score] AI 建议: ranging (置信度=70%) | 价格紧贴EMA，布林带窄，RSI中性，无明确方向
2026-06-24 11:12:29,363 [daily_score] 宏观分析: 风险=60% 仓位倍率=50% | 市场震荡偏弱，关键位未收复，建议半仓观望。 | 信号: ['fail', 'watch', 'watch', 'watch']
2026-06-24 11:17:30,275 [daily_score] 宏观分析: 风险=60% 仓位倍率=50% | 市场震荡，杠杆健康，但关键位未收复，风险中等，仓位减半。 | 信号: ['fail', 'watch', 'watch', 'watch']
2026-06-24 11:20:07,012 [daily_score] AI 建议: ranging (置信度=85%) | 价格在EMA20与EMA60之间，布林带窄，RSI超卖但未确认趋势
2026-06-24 11:20:15,464 [daily_score] AI 建议: ranging (置信度=75%) | 价格在EMA20附近，RSI中性，布林带窄，ATR低，震荡格局。
2026-06-24 11:22:06,511 [daily_score] AI 建议: ranging (置信度=70%) | 价格在均线间波动，布林带窄，RSI超卖但未确认趋势。
2026-06-24 11:22:30,442 [daily_score] 宏观分析: 风险=60% 仓位倍率=50% | 市场中性偏弱，等待关键位突破或ETF信号。 | 信号: ['fail', 'watch', 'watch', 'watch']
2026-06-24 11:22:53,071 [daily_score] AI 建议: ranging (置信度=85%) | RSI超买但布林带窄，价格贴近上轨，震荡为主
2026-06-24 11:25:24,492 [daily_score] AI 建议: ranging (置信度=70%) | 价格接近EMA20，布林带窄，RSI中性
2026-06-24 11:27:31,284 [daily_score] 宏观分析: 风险=50% 仓位倍率=60% | 市场中性偏弱，等待关键位突破或ETF信号。 | 信号: ['fail', 'watch', 'watch', 'watch']
2026-06-24 11:32:32,481 [daily_score] 宏观分析: 风险=70% 仓位倍率=60% | 市场偏弱，关键位未收复，风险中等，仓位六成。 | 信号: ['fail', 'watch', 'watch', 'watch']
2026-06-24 11:35:21,535 [daily_score] AI 建议: ranging (置信度=80%) | 价格在EMA附近，布林带窄，RSI超卖但规则引擎判定震荡
2026-06-24 11:35:27,323 [daily_score] AI 建议: ranging (置信度=80%) | 价格在EMA20下方，RSI中性，布林带窄，ATR低，震荡行情。
2026-06-24 11:37:27,126 [daily_score] AI 建议: ranging (置信度=70%) | 价格在均线附近，布林带窄，RSI超卖但无趋势
2026-06-24 11:37:32,281 [daily_score] 宏观分析: 风险=60% 仓位倍率=50% | 市场震荡，关键位未收复，风险中等，建议半仓观望。 | 信号: ['fail', 'watch', 'watch', 'watch']
2026-06-24 11:38:16,968 [daily_score] AI 建议: ranging (置信度=80%) | 价格紧贴均线，布林带窄，RSI偏高但未超买，震荡格局。
2026-06-24 11:40:55,657 [daily_score] AI 建议: ranging (置信度=70%) | 价格在EMA附近，布林带窄，RSI中性，无明确趋势。
2026-06-24 11:42:33,488 [daily_score] 宏观分析: 风险=60% 仓位倍率=50% | 市场震荡偏弱，关键位未收复，建议半仓观望。 | 信号: ['fail', 'watch', 'watch', 'watch']
2026-06-24 11:47:34,457 [daily_score] 宏观分析: 风险=60% 仓位倍率=50% | 市场中性偏弱，等待关键位突破，建议半仓观望。 | 信号: ['fail', 'watch', 'watch', 'watch']
